Archive member included to satisfy reference by file (symbol)

D:/My IDEAS/STM32CubeIDE/STM32CubeIDE/plugins/com.st.stm32cube.ide.mcu.externaltools.gnu-tools-for-stm32.11.3.rel1.win32_1.1.100.202309141235/tools/bin/../lib/gcc/arm-none-eabi/11.3.1/../../../../arm-none-eabi/lib/thumb/v7-m/nofp\libm.a(libm_a-w_asin.o)
                              ./eMP/mpu6050.o (asin)
D:/My IDEAS/STM32CubeIDE/STM32CubeIDE/plugins/com.st.stm32cube.ide.mcu.externaltools.gnu-tools-for-stm32.11.3.rel1.win32_1.1.100.202309141235/tools/bin/../lib/gcc/arm-none-eabi/11.3.1/../../../../arm-none-eabi/lib/thumb/v7-m/nofp\libm.a(libm_a-w_atan2.o)
                              ./eMP/mpu6050.o (atan2)
D:/My IDEAS/STM32CubeIDE/STM32CubeIDE/plugins/com.st.stm32cube.ide.mcu.externaltools.gnu-tools-for-stm32.11.3.rel1.win32_1.1.100.202309141235/tools/bin/../lib/gcc/arm-none-eabi/11.3.1/../../../../arm-none-eabi/lib/thumb/v7-m/nofp\libm.a(libm_a-s_fabs.o)
                              D:/My IDEAS/STM32CubeIDE/STM32CubeIDE/plugins/com.st.stm32cube.ide.mcu.externaltools.gnu-tools-for-stm32.11.3.rel1.win32_1.1.100.202309141235/tools/bin/../lib/gcc/arm-none-eabi/11.3.1/../../../../arm-none-eabi/lib/thumb/v7-m/nofp\libm.a(libm_a-w_asin.o) (fabs)
D:/My IDEAS/STM32CubeIDE/STM32CubeIDE/plugins/com.st.stm32cube.ide.mcu.externaltools.gnu-tools-for-stm32.11.3.rel1.win32_1.1.100.202309141235/tools/bin/../lib/gcc/arm-none-eabi/11.3.1/../../../../arm-none-eabi/lib/thumb/v7-m/nofp\libm.a(libm_a-s_nan.o)
                              D:/My IDEAS/STM32CubeIDE/STM32CubeIDE/plugins/com.st.stm32cube.ide.mcu.externaltools.gnu-tools-for-stm32.11.3.rel1.win32_1.1.100.202309141235/tools/bin/../lib/gcc/arm-none-eabi/11.3.1/../../../../arm-none-eabi/lib/thumb/v7-m/nofp\libm.a(libm_a-w_asin.o) (nan)
D:/My IDEAS/STM32CubeIDE/STM32CubeIDE/plugins/com.st.stm32cube.ide.mcu.externaltools.gnu-tools-for-stm32.11.3.rel1.win32_1.1.100.202309141235/tools/bin/../lib/gcc/arm-none-eabi/11.3.1/../../../../arm-none-eabi/lib/thumb/v7-m/nofp\libm.a(libm_a-e_asin.o)
                              D:/My IDEAS/STM32CubeIDE/STM32CubeIDE/plugins/com.st.stm32cube.ide.mcu.externaltools.gnu-tools-for-stm32.11.3.rel1.win32_1.1.100.202309141235/tools/bin/../lib/gcc/arm-none-eabi/11.3.1/../../../../arm-none-eabi/lib/thumb/v7-m/nofp\libm.a(libm_a-w_asin.o) (__ieee754_asin)
D:/My IDEAS/STM32CubeIDE/STM32CubeIDE/plugins/com.st.stm32cube.ide.mcu.externaltools.gnu-tools-for-stm32.11.3.rel1.win32_1.1.100.202309141235/tools/bin/../lib/gcc/arm-none-eabi/11.3.1/../../../../arm-none-eabi/lib/thumb/v7-m/nofp\libm.a(libm_a-e_atan2.o)
                              D:/My IDEAS/STM32CubeIDE/STM32CubeIDE/plugins/com.st.stm32cube.ide.mcu.externaltools.gnu-tools-for-stm32.11.3.rel1.win32_1.1.100.202309141235/tools/bin/../lib/gcc/arm-none-eabi/11.3.1/../../../../arm-none-eabi/lib/thumb/v7-m/nofp\libm.a(libm_a-w_atan2.o) (__ieee754_atan2)
D:/My IDEAS/STM32CubeIDE/STM32CubeIDE/plugins/com.st.stm32cube.ide.mcu.externaltools.gnu-tools-for-stm32.11.3.rel1.win32_1.1.100.202309141235/tools/bin/../lib/gcc/arm-none-eabi/11.3.1/../../../../arm-none-eabi/lib/thumb/v7-m/nofp\libm.a(libm_a-s_atan.o)
                              D:/My IDEAS/STM32CubeIDE/STM32CubeIDE/plugins/com.st.stm32cube.ide.mcu.externaltools.gnu-tools-for-stm32.11.3.rel1.win32_1.1.100.202309141235/tools/bin/../lib/gcc/arm-none-eabi/11.3.1/../../../../arm-none-eabi/lib/thumb/v7-m/nofp\libm.a(libm_a-e_atan2.o) (atan)
D:/My IDEAS/STM32CubeIDE/STM32CubeIDE/plugins/com.st.stm32cube.ide.mcu.externaltools.gnu-tools-for-stm32.11.3.rel1.win32_1.1.100.202309141235/tools/bin/../lib/gcc/arm-none-eabi/11.3.1/../../../../arm-none-eabi/lib/thumb/v7-m/nofp\libm.a(libm_a-e_sqrt.o)
                              D:/My IDEAS/STM32CubeIDE/STM32CubeIDE/plugins/com.st.stm32cube.ide.mcu.externaltools.gnu-tools-for-stm32.11.3.rel1.win32_1.1.100.202309141235/tools/bin/../lib/gcc/arm-none-eabi/11.3.1/../../../../arm-none-eabi/lib/thumb/v7-m/nofp\libm.a(libm_a-e_asin.o) (__ieee754_sqrt)
D:/My IDEAS/STM32CubeIDE/STM32CubeIDE/plugins/com.st.stm32cube.ide.mcu.externaltools.gnu-tools-for-stm32.11.3.rel1.win32_1.1.100.202309141235/tools/bin/../lib/gcc/arm-none-eabi/11.3.1/../../../../arm-none-eabi/lib/thumb/v7-m/nofp\libc_nano.a(libc_a-exit.o)
                              D:/My IDEAS/STM32CubeIDE/STM32CubeIDE/plugins/com.st.stm32cube.ide.mcu.externaltools.gnu-tools-for-stm32.11.3.rel1.win32_1.1.100.202309141235/tools/bin/../lib/gcc/arm-none-eabi/11.3.1/../../../../arm-none-eabi/lib/thumb/v7-m/nofp/crt0.o (exit)
D:/My IDEAS/STM32CubeIDE/STM32CubeIDE/plugins/com.st.stm32cube.ide.mcu.externaltools.gnu-tools-for-stm32.11.3.rel1.win32_1.1.100.202309141235/tools/bin/../lib/gcc/arm-none-eabi/11.3.1/../../../../arm-none-eabi/lib/thumb/v7-m/nofp\libc_nano.a(libc_a-findfp.o)
[...]
Memory Configuration

Name             Origin             Length             Attributes
RAM              0x0000000020000000 0x0000000000005000 xrw
FLASH            0x0000000008000000 0x0000000000010000 xr
*default*        0x0000000000000000 0xffffffffffffffff

Linker script and memory map

LOAD D:/My IDEAS/STM32CubeIDE/STM32CubeIDE/plugins/com.st.stm32cube.ide.mcu.externaltools.gnu-tools-for-stm32.11.3.rel1.win32_1.1.100.202309141235/tools/bin/../lib/gcc/arm-none-eabi/11.3.1/thumb/v7-m/nofp/crti.o
LOAD D:/My IDEAS/STM32CubeIDE/STM32CubeIDE/plugins/com.st.stm32cube.ide.mcu.externaltools.gnu-tools-for-stm32.11.3.rel1.win32_1.1.100.202309141235/tools/bin/../lib/gcc/arm-none-eabi/11.3.1/thumb/v7-m/nofp/crtbegin.o
LOAD D:/My IDEAS/STM32CubeIDE/STM32CubeIDE/plugins/com.st.stm32cube.ide.mcu.externaltools.gnu-tools-for-stm32.11.3.rel1.win32_1.1.100.202309141235/tools/bin/../lib/gcc/arm-none-eabi/11.3.1/../../../../arm-none-eabi/lib/thumb/v7-m/nofp/crt0.o
LOAD ./Core/Src/gpio.o
LOAD ./Core/Src/i2c.o
LOAD ./Core/Src/main.o
LOAD ./Core/Src/stm32f1xx_hal_msp.o
LOAD ./Core/Src/stm32f1xx_it.o
LOAD ./Core/Src/syscalls.o
LOAD ./Core/Src/sysmem.o
LOAD ./Core/Src/system_stm32f1xx.o
LOAD ./Core/Startup/startup_stm32f103c8tx.o
LOAD ./Drivers/STM32F1xx_HAL_Driver/Src/stm32f1xx_hal.o
LOAD ./Drivers/STM32F1xx_HAL_Driver/Src/stm32f1xx_hal_cortex.o
LOAD ./Drivers/STM32F1xx_HAL_Driver/Src/stm32f1xx_hal_dma.o
LOAD ./Drivers/STM32F1xx_HAL_Driver/Src/stm32f1xx_hal_exti.o
LOAD ./Drivers/STM32F1xx_HAL_Driver/Src/stm32f1xx_hal_flash.o
LOAD ./Drivers/STM32F1xx_HAL_Driver/Src/stm32f1xx_hal_flash_ex.o
LOAD ./Drivers/STM32F1xx_HAL_Driver/Src/stm32f1xx_hal_gpio.o
LOAD ./Drivers/STM32F1xx_HAL_Driver/Src/stm32f1xx_hal_gpio_ex.o
LOAD ./Drivers/STM32F1xx_HAL_Driver/Src/stm32f1xx_hal_i2c.o
LOAD ./Drivers/STM32F1xx_HAL_Driver/Src/stm32f1xx_hal_pwr.o
LOAD ./Drivers/STM32F1xx_HAL_Driver/Src/stm32f1xx_hal_rcc.o
LOAD ./Drivers/STM32F1xx_HAL_Driver/Src/stm32f1xx_hal_rcc_ex.o
LOAD ./Drivers/STM32F1xx_HAL_Driver/Src/stm32f1xx_hal_tim.o
LOAD ./Drivers/STM32F1xx_HAL_Driver/Src/stm32f1xx_hal_tim_ex.o
LOAD ./eMP/inv_mpu.o
LOAD ./eMP/inv_mpu_dmp_motion_driver.o
LOAD ./eMP/mpu6050.o
START GROUP
LOAD D:/My IDEAS/STM32CubeIDE/STM32CubeIDE/plugins/com.st.stm32cube.ide.mcu.externaltools.gnu-tools-for-stm32.11.3.rel1.win32_1.1.100.202309141235/tools/bin/../lib/gcc/arm-none-eabi/11.3.1/../../../../arm-none-eabi/lib/thumb/v7-m/nofp\libstdc++_nano.a
LOAD D:/My IDEAS/STM32CubeIDE/STM32CubeIDE/plugins/com.st.stm32cube.ide.mcu.externaltools.gnu-tools-for-stm32.11.3.rel1.win32_1.1.100.202309141235/tools/bin/../lib/gcc/arm-none-eabi/11.3.1/../../../../arm-none-eabi/lib/thumb/v7-m/nofp\libsupc++_nano.a
END GROUP
LOAD D:/My IDEAS/STM32CubeIDE/STM32CubeIDE/plugins/com.st.stm32cube.ide.mcu.externaltools.gnu-tools-for-stm32.11.3.rel1.win32_1.1.100.202309141235/tools/bin/../lib/gcc/arm-none-eabi/11.3.1/../../../../arm-none-eabi/lib/thumb/v7-m/nofp\libstdc++_nano.a
LOAD D:/My IDEAS/STM32CubeIDE/STM32CubeIDE/plugins/com.st.stm32cube.ide.mcu.externaltools.gnu-tools-for-stm32.11.3.rel1.win32_1.1.100.202309141235/tools/bin/../lib/gcc/arm-none-eabi/11.3.1/../../../../arm-none-eabi/lib/thumb/v7-m/nofp\libm.a
LOAD D:/My IDEAS/STM32CubeIDE/STM32CubeIDE/plugins/com.st.stm32cube.ide.mcu.externaltools.gnu-tools-for-stm32.11.3.rel1.win32_1.1.100.202309141235/tools/bin/../lib/gcc/arm-none-eabi/11.3.1/../../../../arm-none-eabi/lib/thumb/v7-m/nofp\libc_nano.a
START GROUP
LOAD D:/My IDEAS/STM32CubeIDE/STM32CubeIDE/plugins/com.st.stm32cube.ide.mcu.externaltools.gnu-tools-for-stm32.11.3.rel1.win32_1.1.100.202309141235/tools/bin/../lib/gcc/arm-none-eabi/11.3.1/thumb/v7-m/nofp\libgcc.a
LOAD D:/My IDEAS/STM32CubeIDE/STM32CubeIDE/plugins/com.st.stm32cube.ide.mcu.externaltools.gnu-tools-for-stm32.11.3.rel1.win32_1.1.100.202309141235/tools/bin/../lib/gcc/arm-none-eabi/11.3.1/../../../../arm-none-eabi/lib/thumb/v7-m/nofp\libc_nano.a
END GROUP
START GROUP
LOAD D:/My IDEAS/STM32CubeIDE/STM32CubeIDE/plugins/com.st.stm32cube.ide.mcu.externaltools.gnu-tools-for-stm32.11.3.rel1.win32_1.1.100.202309141235/tools/bin/../lib/gcc/arm-none-eabi/11.3.1/thumb/v7-m/nofp\libgcc.a
LOAD D:/My IDEAS/STM32CubeIDE/STM32CubeIDE/plugins/com.st.stm32cube.ide.mcu.externaltools.gnu-tools-for-stm32.11.3.rel1.win32_1.1.100.202309141235/tools/bin/../lib/gcc/arm-none-eabi/11.3.1/../../../../arm-none-eabi/lib/thumb/v7-m/nofp\libc_nano.a
LOAD D:/My IDEAS/STM32CubeIDE/STM32CubeIDE/plugins/com.st.stm32cube.ide.mcu.externaltools.gnu-tools-for-stm32.11.3.rel1.win32_1.1.100.202309141235/tools/bin/../lib/gcc/arm-none-eabi/11.3.1/../../../../arm-none-eabi/lib/thumb/v7-m/nofp\libnosys.a
END GROUP
START GROUP
LOAD D:/My IDEAS/STM32CubeIDE/STM32CubeIDE/plugins/com.st.stm32cube.ide.mcu.externaltools.gnu-tools-for-stm32.11.3.rel1.win32_1.1.100.202309141235/tools/bin/../lib/gcc/arm-none-eabi/11.3.1/thumb/v7-m/nofp\libgcc.a
LOAD D:/My IDEAS/STM32CubeIDE/STM32CubeIDE/plugins/com.st.stm32cube.ide.mcu.externaltools.gnu-tools-for-stm32.11.3.rel1.win32_1.1.100.202309141235/tools/bin/../lib/gcc/arm-none-eabi/11.3.1/../../../../arm-none-eabi/lib/thumb/v7-m/nofp\libc_nano.a
LOAD D:/My IDEAS/STM32CubeIDE/STM32CubeIDE/plugins/com.st.stm32cube.ide.mcu.externaltools.gnu-tools-for-stm32.11.3.rel1.win32_1.1.100.202309141235/tools/bin/../lib/gcc/arm-none-eabi/11.3.1/../../../../arm-none-eabi/lib/thumb/v7-m/nofp\libnosys.a
END GROUP
LOAD D:/My IDEAS/STM32CubeIDE/STM32CubeIDE/plugins/com.st.stm32cube.ide.mcu.externaltools.gnu-tools-for-stm32.11.3.rel1.win32_1.1.100.202309141235/tools/bin/../lib/gcc/arm-none-eabi/11.3.1/thumb/v7-m/nofp/crtend.o
LOAD D:/My IDEAS/STM32CubeIDE/STM32CubeIDE/plugins/com.st.stm32cube.ide.mcu.externaltools.gnu-tools-for-stm32.11.3.rel1.win32_1.1.100.202309141235/tools/bin/../lib/gcc/arm-none-eabi/11.3.1/thumb/v7-m/nofp/crtn.o
                0x0000000020005000                _estack = (ORIGIN (RAM) + LENGTH (RAM))
                0x0000000000000200                _Min_Heap_Size = 0x200
                0x0000000000000400                _Min_Stack_Size = 0x400

.isr_vector     0x0000000008000000      0x10c
                0x0000000008000000                . = ALIGN (0x4)
 *(.isr_vector)
 .isr_vector    0x0000000008000000      0x10c ./Core/Startup/startup_stm32f103c8tx.o
                0x0000000008000000                g_pfnVectors
                0x000000000800010c                . = ALIGN (0x4)

.text           0x0000000008000110     0x7a08
                0x0000000008000110                . = ALIGN (0x4)
 *(.text)
 .text          0x0000000008000110       0x40 D:/My IDEAS/STM32CubeIDE/STM32CubeIDE/plugins/com.st.stm32cube.ide.mcu.externaltools.gnu-tools-for-stm32.11.3.rel1.win32_1.1.100.202309141235/tools/bin/../lib/gcc/arm-none-eabi/11.3.1/thumb/v7-m/nofp/crtbegin.o
 .text          0x0000000008000150      0x378 D:/My IDEAS/STM32CubeIDE/STM32CubeIDE/plugins/com.st.stm32cube.ide.mcu.externaltools.gnu-tools-for-stm32.11.3.rel1.win32_1.1.100.202309141235/tools/bin/../lib/gcc/arm-none-eabi/11.3.1/thumb/v7-m/nofp\libgcc.a(_arm_addsubdf3.o)
                0x0000000008000150                __aeabi_drsub
                0x0000000008000158                __aeabi_dsub
                0x0000000008000158                __subdf3
                0x000000000800015c                __aeabi_dadd
                0x000000000800015c                __adddf3
                0x00000000080003d4                __floatunsidf
                0x00000000080003d4                __aeabi_ui2d
                0x00000000080003f4                __floatsidf
                0x00000000080003f4                __aeabi_i2d
                0x0000000008000418                __aeabi_f2d
                0x0000000008000418                __extendsfdf2
                0x000000000800045c                __floatundidf
                0x000000000800045c                __aeabi_ul2d
                0x000000000800046c                __floatdidf
                0x000000000800046c                __aeabi_l2d
 .text          0x00000000080004c8      0x424 D:/My IDEAS/STM32CubeIDE/STM32CubeIDE/plugins/com.st.stm32cube.ide.mcu.externaltools.gnu-tools-for-stm32.11.3.rel1.win32_1.1.100.202309141235/tools/bin/../lib/gcc/arm-none-eabi/11.3.1/thumb/v7-m/nofp\libgcc.a(_arm_muldivdf3.o)
                0x00000000080004c8                __aeabi_dmul
                0x00000000080004c8                __muldf3
                0x000000000800071c                __divdf3
                0x000000000800071c                __aeabi_ddiv
 .text          0x00000000080008ec      0x110 D:/My IDEAS/STM32CubeIDE/STM32CubeIDE/plugins/com.st.stm32cube.ide.mcu.externaltools.gnu-tools-for-stm32.11.3.rel1.win32_1.1.100.202309141235/tools/bin/../lib/gcc/arm-none-eabi/11.3.1/thumb/v7-m/nofp\libgcc.a(_arm_cmpdf2.o)
                0x00000000080008ec                __gtdf2
                0x00000000080008ec                __gedf2
                0x00000000080008f4                __ltdf2
                0x00000000080008f4                __ledf2
                0x00000000080008fc                __nedf2
                0x00000000080008fc                __eqdf2
                0x00000000080008fc                __cmpdf2
                0x0000000008000978                __aeabi_cdrcmple
                0x0000000008000988                __aeabi_cdcmpeq
                0x0000000008000988                __aeabi_cdcmple
                0x0000000008000998                __aeabi_dcmpeq
                0x00000000080009ac                __aeabi_dcmplt
                0x00000000080009c0                __aeabi_dcmple
                0x00000000080009d4                __aeabi_dcmpge
                0x00000000080009e8                __aeabi_dcmpgt
 .text          0x00000000080009fc       0x2c D:/My IDEAS/STM32CubeIDE/STM32CubeIDE/plugins/com.st.stm32cube.ide.mcu.externaltools.gnu-tools-for-stm32.11.3.rel1.win32_1.1.100.202309141235/tools/bin/../lib/gcc/arm-none-eabi/11.3.1/thumb/v7-m/nofp\libgcc.a(_arm_unorddf2.o)
                0x00000000080009fc                __unorddf2
                0x00000000080009fc                __aeabi_dcmpun
 .text          0x0000000008000a28       0xa0 D:/My IDEAS/STM32CubeIDE/STM32CubeIDE/plugins/com.st.stm32cube.ide.mcu.externaltools.gnu-tools-for-stm32.11.3.rel1.win32_1.1.100.202309141235/tools/bin/../lib/gcc/arm-none-eabi/11.3.1/thumb/v7-m/nofp\libgcc.a(_arm_truncdfsf2.o)
                0x0000000008000a28                __truncdfsf2
                0x0000000008000a28                __aeabi_d2f
 .text          0x0000000008000ac8      0x21c D:/My IDEAS/STM32CubeIDE/STM32CubeIDE/plugins/com.st.stm32cube.ide.mcu.externaltools.gnu-tools-for-stm32.11.3.rel1.win32_1.1.100.202309141235/tools/bin/../lib/gcc/arm-none-eabi/11.3.1/thumb/v7-m/nofp\libgcc.a(_arm_addsubsf3.o)
                0x0000000008000ac8                __aeabi_frsub
                0x0000000008000ad0                __subsf3
                0x0000000008000ad0                __aeabi_fsub
                0x0000000008000ad4                __aeabi_fadd
                0x0000000008000ad4                __addsf3
                0x0000000008000c34                __aeabi_ui2f
                0x0000000008000c34                __floatunsisf
                0x0000000008000c3c                __aeabi_i2f
                0x0000000008000c3c                __floatsisf
                0x0000000008000c58                __aeabi_ul2f
                0x0000000008000c58                __floatundisf
                0x0000000008000c68                __aeabi_l2f
                0x0000000008000c68                __floatdisf
 .text          0x0000000008000ce4      0x2a0 D:/My IDEAS/STM32CubeIDE/STM32CubeIDE/plugins/com.st.stm32cube.ide.mcu.externaltools.gnu-tools-for-stm32.11.3.rel1.win32_1.1.100.202309141235/tools/bin/../lib/gcc/arm-none-eabi/11.3.1/thumb/v7-m/nofp\libgcc.a(_arm_muldivsf3.o)
                0x0000000008000ce4                __mulsf3
                0x0000000008000ce4                __aeabi_fmul
                0x0000000008000e4c                __aeabi_fdiv
                0x0000000008000e4c                __divsf3
 .text          0x0000000008000f84       0x40 D:/My IDEAS/STM32CubeIDE/STM32CubeIDE/plugins/com.st.stm32cube.ide.mcu.externaltools.gnu-tools-for-stm32.11.3.rel1.win32_1.1.100.202309141235/tools/bin/../lib/gcc/arm-none-eabi/11.3.1/thumb/v7-m/nofp\libgcc.a(_arm_fixunssfsi.o)
                0x0000000008000f84                __fixunssfsi
                0x0000000008000f84                __aeabi_f2uiz
 *(.text*)
 .text.MX_GPIO_Init
                0x0000000008000fc4       0x5c ./Core/Src/gpio.o
                0x0000000008000fc4                MX_GPIO_Init
 .text.MX_I2C1_Init
                0x0000000008001020       0x5c ./Core/Src/i2c.o
                0x0000000008001020                MX_I2C1_Init
 .text.HAL_I2C_MspInit
                0x000000000800107c       0x8c ./Core/Src/i2c.o
                0x000000000800107c                HAL_I2C_MspInit
 .text.main     0x0000000008001108       0x50 ./Core/Src/main.o
                0x0000000008001108                main
 .text.SystemClock_Config
                0x0000000008001158       0x8a ./Core/Src/main.o
                0x0000000008001158                SystemClock_Config
 .text.Error_Handler
                0x00000000080011e2        0xa ./Core/Src/main.o
                0x00000000080011e2                Error_Handler
 .text.HAL_MspInit
                0x00000000080011ec       0x64 ./Core/Src/stm32f1xx_hal_msp.o
                0x00000000080011ec                HAL_MspInit
 .text.NMI_Handler
                0x0000000008001250        0x6 ./Core/Src/stm32f1xx_it.o
                0x0000000008001250                NMI_Handler
 .text.HardFault_Handler
                0x0000000008001256        0x6 ./Core/Src/stm32f1xx_it.o
                0x0000000008001256                HardFault_Handler
 .text.MemManage_Handler
                0x000000000800125c        0x6 ./Core/Src/stm32f1xx_it.o
                0x000000000800125c                MemManage_Handler
 .text.BusFault_Handler
                0x0000000008001262        0x6 ./Core/Src/stm32f1xx_it.o
                0x0000000008001262                BusFault_Handler
 .text.UsageFault_Handler
                0x0000000008001268        0x6 ./Core/Src/stm32f1xx_it.o
                0x0000000008001268                UsageFault_Handler
 .text.SVC_Handler
                0x000000000800126e        0xc ./Core/Src/stm32f1xx_it.o
                0x000000000800126e                SVC_Handler
 .text.DebugMon_Handler
                0x000000000800127a        0xc ./Core/Src/stm32f1xx_it.o
                0x000000000800127a                DebugMon_Handler
 .text.PendSV_Handler
                0x0000000008001286        0xc ./Core/Src/stm32f1xx_it.o
                0x0000000008001286                PendSV_Handler
 .text.SysTick_Handler
                0x0000000008001292        0xc ./Core/Src/stm32f1xx_it.o
                0x0000000008001292                SysTick_Handler
 *fill*         0x000000000800129e        0x2 
 .text.I2C1_EV_IRQHandler
                0x00000000080012a0       0x14 ./Core/Src/stm32f1xx_it.o
                0x00000000080012a0                I2C1_EV_IRQHandler
 .text.SystemInit
                0x00000000080012b4        0xc ./Core/Src/system_stm32f1xx.o
                0x00000000080012b4                SystemInit
 .text.Reset_Handler
                0x00000000080012c0       0x48 ./Core/Startup/startup_stm32f103c8tx.o
                0x00000000080012c0                Reset_Handler
 .text.Default_Handler
                0x0000000008001308        0x2 ./Core/Startup/startup_stm32f103c8tx.o
                0x0000000008001308                RTC_Alarm_IRQHandler
                0x0000000008001308                EXTI2_IRQHandler
                0x0000000008001308                TIM1_CC_IRQHandler
                0x0000000008001308                PVD_IRQHandler
                0x0000000008001308                EXTI3_IRQHandler
                0x0000000008001308                EXTI0_IRQHandler
                0x0000000008001308                I2C2_EV_IRQHandler
                0x0000000008001308                ADC1_2_IRQHandler
                0x0000000008001308                SPI1_IRQHandler
                0x0000000008001308                TAMPER_IRQHandler
                0x0000000008001308                DMA1_Channel4_IRQHandler
                0x0000000008001308                USART3_IRQHandler
                0x0000000008001308                RTC_IRQHandler
                0x0000000008001308                DMA1_Channel7_IRQHandler
                0x0000000008001308                CAN1_RX1_IRQHandler
                0x0000000008001308                TIM4_IRQHandler
                0x0000000008001308                DMA1_Channel6_IRQHandler
                0x0000000008001308                TIM3_IRQHandler
                0x0000000008001308                RCC_IRQHandler
                0x0000000008001308                TIM1_TRG_COM_IRQHandler
                0x0000000008001308                DMA1_Channel1_IRQHandler
                0x0000000008001308                Default_Handler
                0x0000000008001308                EXTI15_10_IRQHandler
                0x0000000008001308                EXTI9_5_IRQHandler
                0x0000000008001308                SPI2_IRQHandler
                0x0000000008001308                DMA1_Channel5_IRQHandler
                0x0000000008001308                EXTI4_IRQHandler
                0x0000000008001308                USB_LP_CAN1_RX0_IRQHandler
                0x0000000008001308                USB_HP_CAN1_TX_IRQHandler
                0x0000000008001308                DMA1_Channel3_IRQHandler
                0x0000000008001308                TIM1_UP_IRQHandler
                0x0000000008001308                WWDG_IRQHandler
                0x0000000008001308                TIM2_IRQHandler
                0x0000000008001308                TIM1_BRK_IRQHandler
                0x0000000008001308                EXTI1_IRQHandler
                0x0000000008001308                USART2_IRQHandler
                0x0000000008001308                I2C2_ER_IRQHandler
                0x0000000008001308                DMA1_Channel2_IRQHandler
                0x0000000008001308                CAN1_SCE_IRQHandler
                0x0000000008001308                FLASH_IRQHandler
                0x0000000008001308                USART1_IRQHandler
                0x0000000008001308                I2C1_ER_IRQHandler
                0x0000000008001308                USBWakeUp_IRQHandler
 *fill*         0x000000000800130a        0x2 
 .text.HAL_Init
                0x000000000800130c       0x2c ./Drivers/STM32F1xx_HAL_Driver/Src/stm32f1xx_hal.o
                0x000000000800130c                HAL_Init
 .text.HAL_InitTick
                0x0000000008001338       0x60 ./Drivers/STM32F1xx_HAL_Driver/Src/stm32f1xx_hal.o
                0x0000000008001338                HAL_InitTick
 .text.HAL_IncTick
                0x0000000008001398       0x24 ./Drivers/STM32F1xx_HAL_Driver/Src/stm32f1xx_hal.o
                0x0000000008001398                HAL_IncTick
 .text.HAL_GetTick
                0x00000000080013bc       0x14 ./Drivers/STM32F1xx_HAL_Driver/Src/stm32f1xx_hal.o
                0x00000000080013bc                HAL_GetTick
 .text.HAL_Delay
                0x00000000080013d0       0x48 ./Drivers/STM32F1xx_HAL_Driver/Src/stm32f1xx_hal.o
                0x00000000080013d0                HAL_Delay
 .text.__NVIC_SetPriorityGrouping
                0x0000000008001418       0x48 ./Drivers/STM32F1xx_HAL_Driver/Src/stm32f1xx_hal_cortex.o
 .text.__NVIC_GetPriorityGrouping
                0x0000000008001460       0x1c ./Drivers/STM32F1xx_HAL_Driver/Src/stm32f1xx_hal_cortex.o
 .text.__NVIC_EnableIRQ
                0x000000000800147c       0x38 ./Drivers/STM32F1xx_HAL_Driver/Src/stm32f1xx_hal_cortex.o
 .text.__NVIC_SetPriority
                0x00000000080014b4       0x54 ./Drivers/STM32F1xx_HAL_Driver/Src/stm32f1xx_hal_cortex.o
 .text.NVIC_EncodePriority
                0x0000000008001508       0x64 ./Drivers/STM32F1xx_HAL_Driver/Src/stm32f1xx_hal_cortex.o
 .text.SysTick_Config
                0x000000000800156c       0x44 ./Drivers/STM32F1xx_HAL_Driver/Src/stm32f1xx_hal_cortex.o
 .text.HAL_NVIC_SetPriorityGrouping
                0x00000000080015b0       0x16 ./Drivers/STM32F1xx_HAL_Driver/Src/stm32f1xx_hal_cortex.o
                0x00000000080015b0                HAL_NVIC_SetPriorityGrouping
 .text.HAL_NVIC_SetPriority
                0x00000000080015c6       0x38 ./Drivers/STM32F1xx_HAL_Driver/Src/stm32f1xx_hal_cortex.o
                0x00000000080015c6                HAL_NVIC_SetPriority
 .text.HAL_NVIC_EnableIRQ
                0x00000000080015fe       0x1c ./Drivers/STM32F1xx_HAL_Driver/Src/stm32f1xx_hal_cortex.o
                0x00000000080015fe                HAL_NVIC_EnableIRQ
 .text.HAL_SYSTICK_Config
                0x000000000800161a       0x18 ./Drivers/STM32F1xx_HAL_Driver/Src/stm32f1xx_hal_cortex.o
                0x000000000800161a                HAL_SYSTICK_Config
 *fill*         0x0000000008001632        0x2 
 .text.HAL_DMA_Abort_IT
                0x0000000008001634       0xf0 ./Drivers/STM32F1xx_HAL_Driver/Src/stm32f1xx_hal_dma.o
                0x0000000008001634                HAL_DMA_Abort_IT
 .text.HAL_DMA_GetState
                0x0000000008001724       0x1a ./Drivers/STM32F1xx_HAL_Driver/Src/stm32f1xx_hal_dma.o
                0x0000000008001724                HAL_DMA_GetState
 *fill*         0x000000000800173e        0x2 
 .text.HAL_GPIO_Init
                0x0000000008001740      0x308 ./Drivers/STM32F1xx_HAL_Driver/Src/stm32f1xx_hal_gpio.o
                0x0000000008001740                HAL_GPIO_Init
 .text.HAL_I2C_Init
                0x0000000008001a48      0x288 ./Drivers/STM32F1xx_HAL_Driver/Src/stm32f1xx_hal_i2c.o
                0x0000000008001a48                HAL_I2C_Init
 .text.I2C_Flush_DR
                0x0000000008001cd0       0x28 ./Drivers/STM32F1xx_HAL_Driver/Src/stm32f1xx_hal_i2c.o
 .text.HAL_I2C_Mem_Write
                0x0000000008001cf8      0x1f4 ./Drivers/STM32F1xx_HAL_Driver/Src/stm32f1xx_hal_i2c.o
                0x0000000008001cf8                HAL_I2C_Mem_Write
 .text.HAL_I2C_Mem_Read
                0x0000000008001eec      0x4d0 ./Drivers/STM32F1xx_HAL_Driver/Src/stm32f1xx_hal_i2c.o
                0x0000000008001eec                HAL_I2C_Mem_Read
 .text.HAL_I2C_EV_IRQHandler
                0x00000000080023bc      0x2a6 ./Drivers/STM32F1xx_HAL_Driver/Src/stm32f1xx_hal_i2c.o
                0x00000000080023bc                HAL_I2C_EV_IRQHandler
 .text.HAL_I2C_MasterTxCpltCallback
                0x0000000008002662       0x12 ./Drivers/STM32F1xx_HAL_Driver/Src/stm32f1xx_hal_i2c.o
                0x0000000008002662                HAL_I2C_MasterTxCpltCallback
 .text.HAL_I2C_MasterRxCpltCallback
                0x0000000008002674       0x12 ./Drivers/STM32F1xx_HAL_Driver/Src/stm32f1xx_hal_i2c.o
                0x0000000008002674                HAL_I2C_MasterRxCpltCallback
 .text.HAL_I2C_SlaveTxCpltCallback
                0x0000000008002686       0x12 ./Drivers/STM32F1xx_HAL_Driver/Src/stm32f1xx_hal_i2c.o
                0x0000000008002686                HAL_I2C_SlaveTxCpltCallback
 .text.HAL_I2C_SlaveRxCpltCallback
                0x0000000008002698       0x12 ./Drivers/STM32F1xx_HAL_Driver/Src/stm32f1xx_hal_i2c.o
                0x0000000008002698                HAL_I2C_SlaveRxCpltCallback
 .text.HAL_I2C_AddrCallback
                0x00000000080026aa       0x1a ./Drivers/STM32F1xx_HAL_Driver/Src/stm32f1xx_hal_i2c.o
                0x00000000080026aa                HAL_I2C_AddrCallback
 .text.HAL_I2C_ListenCpltCallback
                0x00000000080026c4       0x12 ./Drivers/STM32F1xx_HAL_Driver/Src/stm32f1xx_hal_i2c.o
                0x00000000080026c4                HAL_I2C_ListenCpltCallback
 .text.HAL_I2C_MemTxCpltCallback
                0x00000000080026d6       0x12 ./Drivers/STM32F1xx_HAL_Driver/Src/stm32f1xx_hal_i2c.o
                0x00000000080026d6                HAL_I2C_MemTxCpltCallback
 .text.HAL_I2C_MemRxCpltCallback
                0x00000000080026e8       0x12 ./Drivers/STM32F1xx_HAL_Driver/Src/stm32f1xx_hal_i2c.o
                0x00000000080026e8                HAL_I2C_MemRxCpltCallback
 .text.HAL_I2C_ErrorCallback
                0x00000000080026fa       0x12 ./Drivers/STM32F1xx_HAL_Driver/Src/stm32f1xx_hal_i2c.o
                0x00000000080026fa                HAL_I2C_ErrorCallback
 .text.HAL_I2C_AbortCpltCallback
                0x000000000800270c       0x12 ./Drivers/STM32F1xx_HAL_Driver/Src/stm32f1xx_hal_i2c.o
                0x000000000800270c                HAL_I2C_AbortCpltCallback
 .text.I2C_MasterTransmit_TXE
                0x000000000800271e      0x138 ./Drivers/STM32F1xx_HAL_Driver/Src/stm32f1xx_hal_i2c.o
 .text.I2C_MasterTransmit_BTF
                0x0000000008002856       0xec ./Drivers/STM32F1xx_HAL_Driver/Src/stm32f1xx_hal_i2c.o
 .text.I2C_MemoryTransmit_TXE_BTF
                0x0000000008002942      0x130 ./Drivers/STM32F1xx_HAL_Driver/Src/stm32f1xx_hal_i2c.o
 .text.I2C_MasterReceive_RXNE
                0x0000000008002a72      0x176 ./Drivers/STM32F1xx_HAL_Driver/Src/stm32f1xx_hal_i2c.o
 .text.I2C_MasterReceive_BTF
                0x0000000008002be8      0x1d4 ./Drivers/STM32F1xx_HAL_Driver/Src/stm32f1xx_hal_i2c.o
 .text.I2C_Master_SB
                0x0000000008002dbc      0x10a ./Drivers/STM32F1xx_HAL_Driver/Src/stm32f1xx_hal_i2c.o
 .text.I2C_Master_ADD10
                0x0000000008002ec6       0x52 ./Drivers/STM32F1xx_HAL_Driver/Src/stm32f1xx_hal_i2c.o
 .text.I2C_Master_ADDR
                0x0000000008002f18      0x336 ./Drivers/STM32F1xx_HAL_Driver/Src/stm32f1xx_hal_i2c.o
 .text.I2C_SlaveTransmit_TXE
                0x000000000800324e       0x7a ./Drivers/STM32F1xx_HAL_Driver/Src/stm32f1xx_hal_i2c.o
 .text.I2C_SlaveTransmit_BTF
                0x00000000080032c8       0x40 ./Drivers/STM32F1xx_HAL_Driver/Src/stm32f1xx_hal_i2c.o
 .text.I2C_SlaveReceive_RXNE
                0x0000000008003308       0x7c ./Drivers/STM32F1xx_HAL_Driver/Src/stm32f1xx_hal_i2c.o
 .text.I2C_SlaveReceive_BTF
                0x0000000008003384       0x42 ./Drivers/STM32F1xx_HAL_Driver/Src/stm32f1xx_hal_i2c.o
 .text.I2C_Slave_ADDR
                0x00000000080033c6       0x90 ./Drivers/STM32F1xx_HAL_Driver/Src/stm32f1xx_hal_i2c.o
 *fill*         0x0000000008003456        0x2 
 .text.I2C_Slave_STOPF
                0x0000000008003458      0x260 ./Drivers/STM32F1xx_HAL_Driver/Src/stm32f1xx_hal_i2c.o
 .text.I2C_ITError
                0x00000000080036b8      0x264 ./Drivers/STM32F1xx_HAL_Driver/Src/stm32f1xx_hal_i2c.o
 .text.I2C_RequestMemoryWrite
                0x000000000800391c      0x12c ./Drivers/STM32F1xx_HAL_Driver/Src/stm32f1xx_hal_i2c.o
 .text.I2C_RequestMemoryRead
                0x0000000008003a48      0x1d0 ./Drivers/STM32F1xx_HAL_Driver/Src/stm32f1xx_hal_i2c.o
 .text.I2C_DMAAbort
                0x0000000008003c18      0x150 ./Drivers/STM32F1xx_HAL_Driver/Src/stm32f1xx_hal_i2c.o
 .text.I2C_WaitOnFlagUntilTimeout
                0x0000000008003d68       0xf4 ./Drivers/STM32F1xx_HAL_Driver/Src/stm32f1xx_hal_i2c.o
 .text.I2C_WaitOnMasterAddressFlagUntilTimeout
                0x0000000008003e5c      0x140 ./Drivers/STM32F1xx_HAL_Driver/Src/stm32f1xx_hal_i2c.o
 .text.I2C_WaitOnTXEFlagUntilTimeout
                0x0000000008003f9c       0x90 ./Drivers/STM32F1xx_HAL_Driver/Src/stm32f1xx_hal_i2c.o
 .text.I2C_WaitOnBTFFlagUntilTimeout
                0x000000000800402c       0x90 ./Drivers/STM32F1xx_HAL_Driver/Src/stm32f1xx_hal_i2c.o
 .text.I2C_WaitOnSTOPRequestThroughIT
                0x00000000080040bc       0x64 ./Drivers/STM32F1xx_HAL_Driver/Src/stm32f1xx_hal_i2c.o
 .text.I2C_WaitOnRXNEFlagUntilTimeout
                0x0000000008004120       0xba ./Drivers/STM32F1xx_HAL_Driver/Src/stm32f1xx_hal_i2c.o
 .text.I2C_IsAcknowledgeFailed
                0x00000000080041da       0x5c ./Drivers/STM32F1xx_HAL_Driver/Src/stm32f1xx_hal_i2c.o
 .text.I2C_ConvertOtherXferOptions
                0x0000000008004236       0x34 ./Drivers/STM32F1xx_HAL_Driver/Src/stm32f1xx_hal_i2c.o
 *fill*         0x000000000800426a        0x2 
 .text.HAL_RCC_OscConfig
                0x000000000800426c      0x504 ./Drivers/STM32F1xx_HAL_Driver/Src/stm32f1xx_hal_rcc.o
                0x000000000800426c                HAL_RCC_OscConfig
 .text.HAL_RCC_ClockConfig
                0x0000000008004770      0x1d4 ./Drivers/STM32F1xx_HAL_Driver/Src/stm32f1xx_hal_rcc.o
                0x0000000008004770                HAL_RCC_ClockConfig
 .text.HAL_RCC_GetSysClockFreq
                0x0000000008004944       0xa8 ./Drivers/STM32F1xx_HAL_Driver/Src/stm32f1xx_hal_rcc.o
                0x0000000008004944                HAL_RCC_GetSysClockFreq
 .text.HAL_RCC_GetHCLKFreq
                0x00000000080049ec       0x14 ./Drivers/STM32F1xx_HAL_Driver/Src/stm32f1xx_hal_rcc.o
                0x00000000080049ec                HAL_RCC_GetHCLKFreq
 .text.HAL_RCC_GetPCLK1Freq
                0x0000000008004a00       0x28 ./Drivers/STM32F1xx_HAL_Driver/Src/stm32f1xx_hal_rcc.o
                0x0000000008004a00                HAL_RCC_GetPCLK1Freq
 .text.RCC_Delay
                0x0000000008004a28       0x3c ./Drivers/STM32F1xx_HAL_Driver/Src/stm32f1xx_hal_rcc.o
 .text.set_int_enable
                0x0000000008004a64       0xe0 ./eMP/inv_mpu.o
 .text.mpu_init
                0x0000000008004b44      0x180 ./eMP/inv_mpu.o
                0x0000000008004b44                mpu_init
 .text.mpu_lp_accel_mode
                0x0000000008004cc4      0x118 ./eMP/inv_mpu.o
                0x0000000008004cc4                mpu_lp_accel_mode
 .text.mpu_reset_fifo
                0x0000000008004ddc      0x2f8 ./eMP/inv_mpu.o
                0x0000000008004ddc                mpu_reset_fifo
 .text.mpu_set_gyro_fsr
                0x00000000080050d4       0xc0 ./eMP/inv_mpu.o
                0x00000000080050d4                mpu_set_gyro_fsr
 .text.mpu_get_accel_fsr
                0x0000000008005194       0x74 ./eMP/inv_mpu.o
                0x0000000008005194                mpu_get_accel_fsr
 .text.mpu_set_accel_fsr
                0x0000000008005208       0xe8 ./eMP/inv_mpu.o
                0x0000000008005208                mpu_set_accel_fsr
 .text.mpu_set_lpf
                0x00000000080052f0       0xb4 ./eMP/inv_mpu.o
                0x00000000080052f0                mpu_set_lpf
 .text.mpu_set_sample_rate
                0x00000000080053a4       0xe4 ./eMP/inv_mpu.o
                0x00000000080053a4                mpu_set_sample_rate
 .text.mpu_configure_fifo
                0x0000000008005488       0xa4 ./eMP/inv_mpu.o
                0x0000000008005488                mpu_configure_fifo
 .text.mpu_set_sensors
                0x000000000800552c      0x138 ./eMP/inv_mpu.o
                0x000000000800552c                mpu_set_sensors
 .text.mpu_read_fifo_stream
                0x0000000008005664      0x13c ./eMP/inv_mpu.o
                0x0000000008005664                mpu_read_fifo_stream
 .text.mpu_set_bypass
                0x00000000080057a0      0x208 ./eMP/inv_mpu.o
                0x00000000080057a0                mpu_set_bypass
 .text.mpu_set_int_latched
                0x00000000080059a8       0xa0 ./eMP/inv_mpu.o
                0x00000000080059a8                mpu_set_int_latched
 .text.mpu_write_mem
                0x0000000008005a48       0xd0 ./eMP/inv_mpu.o
                0x0000000008005a48                mpu_write_mem
 .text.mpu_read_mem
                0x0000000008005b18       0xd0 ./eMP/inv_mpu.o
                0x0000000008005b18                mpu_read_mem
 .text.mpu_load_firmware
                0x0000000008005be8      0x114 ./eMP/inv_mpu.o
                0x0000000008005be8                mpu_load_firmware
 .text.mpu_set_dmp_state
                0x0000000008005cfc       0xd0 ./eMP/inv_mpu.o
                0x0000000008005cfc                mpu_set_dmp_state
 .text.dmp_load_motion_driver_firmware
                0x0000000008005dcc       0x20 ./eMP/inv_mpu_dmp_motion_driver.o
                0x0000000008005dcc                dmp_load_motion_driver_firmware
 .text.dmp_set_orientation
                0x0000000008005dec      0x1d8 ./eMP/inv_mpu_dmp_motion_driver.o
                0x0000000008005dec                dmp_set_orientation
 .text.dmp_set_fifo_rate
                0x0000000008005fc4       0x90 ./eMP/inv_mpu_dmp_motion_driver.o
                0x0000000008005fc4                dmp_set_fifo_rate
 .text.dmp_set_tap_thresh
                0x0000000008006054      0x254 ./eMP/inv_mpu_dmp_motion_driver.o
                0x0000000008006054                dmp_set_tap_thresh
 .text.dmp_set_tap_axes
                0x00000000080062a8       0x64 ./eMP/inv_mpu_dmp_motion_driver.o
                0x00000000080062a8                dmp_set_tap_axes
 .text.dmp_set_tap_count
                0x000000000800630c       0x42 ./eMP/inv_mpu_dmp_motion_driver.o
                0x000000000800630c                dmp_set_tap_count
 *fill*         0x000000000800634e        0x2 
 .text.dmp_set_tap_time
                0x0000000008006350       0x44 ./eMP/inv_mpu_dmp_motion_driver.o
                0x0000000008006350                dmp_set_tap_time
 .text.dmp_set_tap_time_multi
                0x0000000008006394       0x44 ./eMP/inv_mpu_dmp_motion_driver.o
                0x0000000008006394                dmp_set_tap_time_multi
 .text.dmp_set_shake_reject_thresh
                0x00000000080063d8       0x60 ./eMP/inv_mpu_dmp_motion_driver.o
                0x00000000080063d8                dmp_set_shake_reject_thresh
 .text.dmp_set_shake_reject_time
                0x0000000008006438       0x44 ./eMP/inv_mpu_dmp_motion_driver.o
                0x0000000008006438                dmp_set_shake_reject_time
 .text.dmp_set_shake_reject_timeout
                0x000000000800647c       0x44 ./eMP/inv_mpu_dmp_motion_driver.o
                0x000000000800647c                dmp_set_shake_reject_timeout
 .text.dmp_enable_feature
                0x00000000080064c0      0x250 ./eMP/inv_mpu_dmp_motion_driver.o
                0x00000000080064c0                dmp_enable_feature
 .text.dmp_enable_gyro_cal
                0x0000000008006710       0x60 ./eMP/inv_mpu_dmp_motion_driver.o
                0x0000000008006710                dmp_enable_gyro_cal
 .text.dmp_enable_lp_quat
                0x0000000008006770       0x4e ./eMP/inv_mpu_dmp_motion_driver.o
                0x0000000008006770                dmp_enable_lp_quat
 .text.dmp_enable_6x_lp_quat
                0x00000000080067be       0x4e ./eMP/inv_mpu_dmp_motion_driver.o
                0x00000000080067be                dmp_enable_6x_lp_quat
 .text.decode_gesture
                0x000000000800680c       0x88 ./eMP/inv_mpu_dmp_motion_driver.o
 .text.dmp_read_fifo
                0x0000000008006894      0x2dc ./eMP/inv_mpu_dmp_motion_driver.o
                0x0000000008006894                dmp_read_fifo
 .text.inv_row_2_scale
                0x0000000008006b70       0x80 ./eMP/mpu6050.o
 .text.inv_orientation_matrix_to_scalar
                0x0000000008006bf0       0x50 ./eMP/mpu6050.o
 .text.MPU6050_DMP_Init
                0x0000000008006c40       0xd4 ./eMP/mpu6050.o
                0x0000000008006c40                MPU6050_DMP_Init
 *fill*         0x0000000008006d14        0x4 
 .text.MPU6050_DMP_Get_Data
                0x0000000008006d18      0x2a0 ./eMP/mpu6050.o
                0x0000000008006d18                MPU6050_DMP_Get_Data
 .text.asin     0x0000000008006fb8       0x50 D:/My IDEAS/STM32CubeIDE/STM32CubeIDE/plugins/com.st.stm32cube.ide.mcu.externaltools.gnu-tools-for-stm32.11.3.rel1.win32_1.1.100.202309141235/tools/bin/../lib/gcc/arm-none-eabi/11.3.1/../../../../arm-none-eabi/lib/thumb/v7-m/nofp\libm.a(libm_a-w_asin.o)
                0x0000000008006fb8                asin
 .text.atan2    0x0000000008007008        0x4 D:/My IDEAS/STM32CubeIDE/STM32CubeIDE/plugins/com.st.stm32cube.ide.mcu.externaltools.gnu-tools-for-stm32.11.3.rel1.win32_1.1.100.202309141235/tools/bin/../lib/gcc/arm-none-eabi/11.3.1/../../../../arm-none-eabi/lib/thumb/v7-m/nofp\libm.a(libm_a-w_atan2.o)
                0x0000000008007008                atan2
 .text.fabs     0x000000000800700c        0x8 D:/My IDEAS/STM32CubeIDE/STM32CubeIDE/plugins/com.st.stm32cube.ide.mcu.externaltools.gnu-tools-for-stm32.11.3.rel1.win32_1.1.100.202309141235/tools/bin/../lib/gcc/arm-none-eabi/11.3.1/../../../../arm-none-eabi/lib/thumb/v7-m/nofp\libm.a(libm_a-s_fabs.o)
                0x000000000800700c                fabs
 .text.nan      0x0000000008007014        0xc D:/My IDEAS/STM32CubeIDE/STM32CubeIDE/plugins/com.st.stm32cube.ide.mcu.externaltools.gnu-tools-for-stm32.11.3.rel1.win32_1.1.100.202309141235/tools/bin/../lib/gcc/arm-none-eabi/11.3.1/../../../../arm-none-eabi/lib/thumb/v7-m/nofp\libm.a(libm_a-s_nan.o)
                0x0000000008007014                nan
 .text.__ieee754_asin
                0x0000000008007020      0x3f8 D:/My IDEAS/STM32CubeIDE/STM32CubeIDE/plugins/com.st.stm32cube.ide.mcu.externaltools.gnu-tools-for-stm32.11.3.rel1.win32_1.1.100.202309141235/tools/bin/../lib/gcc/arm-none-eabi/11.3.1/../../../../arm-none-eabi/lib/thumb/v7-m/nofp\libm.a(libm_a-e_asin.o)
                0x0000000008007020                __ieee754_asin
 .text.__ieee754_atan2
                0x0000000008007418      0x19c D:/My IDEAS/STM32CubeIDE/STM32CubeIDE/plugins/com.st.stm32cube.ide.mcu.externaltools.gnu-tools-for-stm32.11.3.rel1.win32_1.1.100.202309141235/tools/bin/../lib/gcc/arm-none-eabi/11.3.1/../../../../arm-none-eabi/lib/thumb/v7-m/nofp\libm.a(libm_a-e_atan2.o)
                0x0000000008007418                __ieee754_atan2
 *fill*         0x00000000080075b4        0x4 
 .text.atan     0x00000000080075b8      0x314 D:/My IDEAS/STM32CubeIDE/STM32CubeIDE/plugins/com.st.stm32cube.ide.mcu.externaltools.gnu-tools-for-stm32.11.3.rel1.win32_1.1.100.202309141235/tools/bin/../lib/gcc/arm-none-eabi/11.3.1/../../../../arm-none-eabi/lib/thumb/v7-m/nofp\libm.a(libm_a-s_atan.o)
                0x00000000080075b8                atan
 .text.__ieee754_sqrt
                0x00000000080078cc      0x1b0 D:/My IDEAS/STM32CubeIDE/STM32CubeIDE/plugins/com.st.stm32cube.ide.mcu.externaltools.gnu-tools-for-stm32.11.3.rel1.win32_1.1.100.202309141235/tools/bin/../lib/gcc/arm-none-eabi/11.3.1/../../../../arm-none-eabi/lib/thumb/v7-m/nofp\libm.a(libm_a-e_sqrt.o)
                0x00000000080078cc                __ieee754_sqrt
 .text.memcmp   0x0000000008007a7c       0x20 D:/My IDEAS/STM32CubeIDE/STM32CubeIDE/plugins/com.st.stm32cube.ide.mcu.externaltools.gnu-tools-for-stm32.11.3.rel1.win32_1.1.100.202309141235/tools/bin/../lib/gcc/arm-none-eabi/11.3.1/../../../../arm-none-eabi/lib/thumb/v7-m/nofp\libc_nano.a(libc_a-memcmp.o)
                0x0000000008007a7c                memcmp
 .text.memset   0x0000000008007a9c       0x10 D:/My IDEAS/STM32CubeIDE/STM32CubeIDE/plugins/com.st.stm32cube.ide.mcu.externaltools.gnu-tools-for-stm32.11.3.rel1.win32_1.1.100.202309141235/tools/bin/../lib/gcc/arm-none-eabi/11.3.1/../../../../arm-none-eabi/lib/thumb/v7-m/nofp\libc_nano.a(libc_a-memset.o)
                0x0000000008007a9c                memset
 .text.__errno  0x0000000008007aac        0xc D:/My IDEAS/STM32CubeIDE/STM32CubeIDE/plugins/com.st.stm32cube.ide.mcu.externaltools.gnu-tools-for-stm32.11.3.rel1.win32_1.1.100.202309141235/tools/bin/../lib/gcc/arm-none-eabi/11.3.1/../../../../arm-none-eabi/lib/thumb/v7-m/nofp\libc_nano.a(libc_a-errno.o)
                0x0000000008007aac                __errno
 .text.__libc_init_array
                0x0000000008007ab8       0x48 D:/My IDEAS/STM32CubeIDE/STM32CubeIDE/plugins/com.st.stm32cube.ide.mcu.externaltools.gnu-tools-for-stm32.11.3.rel1.win32_1.1.100.202309141235/tools/bin/../lib/gcc/arm-none-eabi/11.3.1/../../../../arm-none-eabi/lib/thumb/v7-m/nofp\libc_nano.a(libc_a-init.o)
                0x0000000008007ab8                __libc_init_array
 *(.glue_7)
 .glue_7        0x0000000008007b00        0x0 linker stubs
 *(.glue_7t)
 .glue_7t       0x0000000008007b00        0x0 linker stubs
 *(.eh_frame)
 .eh_frame      0x0000000008007b00        0x0 D:/My IDEAS/STM32CubeIDE/STM32CubeIDE/plugins/com.st.stm32cube.ide.mcu.externaltools.gnu-tools-for-stm32.11.3.rel1.win32_1.1.100.202309141235/tools/bin/../lib/gcc/arm-none-eabi/11.3.1/thumb/v7-m/nofp/crtbegin.o
 *(.init)
 .init          0x0000000008007b00        0x4 D:/My IDEAS/STM32CubeIDE/STM32CubeIDE/plugins/com.st.stm32cube.ide.mcu.externaltools.gnu-tools-for-stm32.11.3.rel1.win32_1.1.100.202309141235/tools/bin/../lib/gcc/arm-none-eabi/11.3.1/thumb/v7-m/nofp/crti.o
                0x0000000008007b00                _init
 .init          0x0000000008007b04        0x8 D:/My IDEAS/STM32CubeIDE/STM32CubeIDE/plugins/com.st.stm32cube.ide.mcu.externaltools.gnu-tools-for-stm32.11.3.rel1.win32_1.1.100.202309141235/tools/bin/../lib/gcc/arm-none-eabi/11.3.1/thumb/v7-m/nofp/crtn.o
 *(.fini)
 .fini          0x0000000008007b0c        0x4 D:/My IDEAS/STM32CubeIDE/STM32CubeIDE/plugins/com.st.stm32cube.ide.mcu.externaltools.gnu-tools-for-stm32.11.3.rel1.win32_1.1.100.202309141235/tools/bin/../lib/gcc/arm-none-eabi/11.3.1/thumb/v7-m/nofp/crti.o
                0x0000000008007b0c                _fini
 .fini          0x0000000008007b10        0x8 D:/My IDEAS/STM32CubeIDE/STM32CubeIDE/plugins/com.st.stm32cube.ide.mcu.externaltools.gnu-tools-for-stm32.11.3.rel1.win32_1.1.100.202309141235/tools/bin/../lib/gcc/arm-none-eabi/11.3.1/thumb/v7-m/nofp/crtn.o
                0x0000000008007b18                . = ALIGN (0x4)
                0x0000000008007b18                _etext = .

.vfp11_veneer   0x0000000008007b18        0x0
 .vfp11_veneer  0x0000000008007b18        0x0 linker stubs

.v4_bx          0x0000000008007b18        0x0
 .v4_bx         0x0000000008007b18        0x0 linker stubs

.iplt           0x0000000008007b18        0x0
 .iplt          0x0000000008007b18        0x0 D:/My IDEAS/STM32CubeIDE/STM32CubeIDE/plugins/com.st.stm32cube.ide.mcu.externaltools.gnu-tools-for-stm32.11.3.rel1.win32_1.1.100.202309141235/tools/bin/../lib/gcc/arm-none-eabi/11.3.1/thumb/v7-m/nofp/crtbegin.o

.rodata         0x0000000008007b18      0xd38
                0x0000000008007b18                . = ALIGN (0x4)
 *(.rodata)
 .rodata        0x0000000008007b18       0x4b ./eMP/inv_mpu_dmp_motion_driver.o
 *(.rodata*)
 *fill*         0x0000000008007b63        0x1 
 .rodata.AHBPrescTable
                0x0000000008007b64       0x10 ./Core/Src/system_stm32f1xx.o
                0x0000000008007b64                AHBPrescTable
 .rodata.APBPrescTable
                0x0000000008007b74        0x8 ./Core/Src/system_stm32f1xx.o
                0x0000000008007b74                APBPrescTable
 .rodata.aPLLMULFactorTable.1
                0x0000000008007b7c       0x10 ./Drivers/STM32F1xx_HAL_Driver/Src/stm32f1xx_hal_rcc.o
 .rodata.aPredivFactorTable.0
                0x0000000008007b8c        0x2 ./Drivers/STM32F1xx_HAL_Driver/Src/stm32f1xx_hal_rcc.o
 *fill*         0x0000000008007b8e        0x2 
 .rodata.reg    0x0000000008007b90       0x1e ./eMP/inv_mpu.o
                0x0000000008007b90                reg
 *fill*         0x0000000008007bae        0x2 
 .rodata.hw     0x0000000008007bb0        0xc ./eMP/inv_mpu.o
                0x0000000008007bb0                hw
 .rodata.test   0x0000000008007bbc       0x28 ./eMP/inv_mpu.o
                0x0000000008007bbc                test
 .rodata.dmp_memory
                0x0000000008007be4      0xbf6 ./eMP/inv_mpu_dmp_motion_driver.o
 .rodata.asin.str1.1
                0x00000000080087da        0x1 D:/My IDEAS/STM32CubeIDE/STM32CubeIDE/plugins/com.st.stm32cube.ide.mcu.externaltools.gnu-tools-for-stm32.11.3.rel1.win32_1.1.100.202309141235/tools/bin/../lib/gcc/arm-none-eabi/11.3.1/../../../../arm-none-eabi/lib/thumb/v7-m/nofp\libm.a(libm_a-w_asin.o)
 *fill*         0x00000000080087db        0x5 
 .rodata.CSWTCH.8
                0x00000000080087e0       0x18 D:/My IDEAS/STM32CubeIDE/STM32CubeIDE/plugins/com.st.stm32cube.ide.mcu.externaltools.gnu-tools-for-stm32.11.3.rel1.win32_1.1.100.202309141235/tools/bin/../lib/gcc/arm-none-eabi/11.3.1/../../../../arm-none-eabi/lib/thumb/v7-m/nofp\libm.a(libm_a-e_atan2.o)
 .rodata.CSWTCH.9
                0x00000000080087f8       0x18 D:/My IDEAS/STM32CubeIDE/STM32CubeIDE/plugins/com.st.stm32cube.ide.mcu.externaltools.gnu-tools-for-stm32.11.3.rel1.win32_1.1.100.202309141235/tools/bin/../lib/gcc/arm-none-eabi/11.3.1/../../../../arm-none-eabi/lib/thumb/v7-m/nofp\libm.a(libm_a-e_atan2.o)
 .rodata.atanhi
                0x0000000008008810       0x20 D:/My IDEAS/STM32CubeIDE/STM32CubeIDE/plugins/com.st.stm32cube.ide.mcu.externaltools.gnu-tools-for-stm32.11.3.rel1.win32_1.1.100.202309141235/tools/bin/../lib/gcc/arm-none-eabi/11.3.1/../../../../arm-none-eabi/lib/thumb/v7-m/nofp\libm.a(libm_a-s_atan.o)
 .rodata.atanlo
                0x0000000008008830       0x20 D:/My IDEAS/STM32CubeIDE/STM32CubeIDE/plugins/com.st.stm32cube.ide.mcu.externaltools.gnu-tools-for-stm32.11.3.rel1.win32_1.1.100.202309141235/tools/bin/../lib/gcc/arm-none-eabi/11.3.1/../../../../arm-none-eabi/lib/thumb/v7-m/nofp\libm.a(libm_a-s_atan.o)
                0x0000000008008850                . = ALIGN (0x4)

.rel.dyn        0x0000000008008850        0x0
 .rel.iplt      0x0000000008008850        0x0 D:/My IDEAS/STM32CubeIDE/STM32CubeIDE/plugins/com.st.stm32cube.ide.mcu.externaltools.gnu-tools-for-stm32.11.3.rel1.win32_1.1.100.202309141235/tools/bin/../lib/gcc/arm-none-eabi/11.3.1/thumb/v7-m/nofp/crtbegin.o

.ARM.extab      0x0000000008008850        0x0
                0x0000000008008850                . = ALIGN (0x4)
 *(.ARM.extab* .gnu.linkonce.armextab.*)
                0x0000000008008850                . = ALIGN (0x4)

.ARM            0x0000000008008850        0x0
                0x0000000008008850                . = ALIGN (0x4)
                0x0000000008008850                __exidx_start = .
 *(.ARM.exidx*)
                0x0000000008008850                __exidx_end = .
                0x0000000008008850                . = ALIGN (0x4)

.preinit_array  0x0000000008008850        0x0
                0x0000000008008850                . = ALIGN (0x4)
                0x0000000008008850                PROVIDE (__preinit_array_start = .)
 *(.preinit_array*)
                0x0000000008008850                PROVIDE (__preinit_array_end = .)
                0x0000000008008850                . = ALIGN (0x4)

.init_array     0x0000000008008850        0x4
                0x0000000008008850                . = ALIGN (0x4)
                0x0000000008008850                PROVIDE (__init_array_start = .)
 *(SORT_BY_NAME(.init_array.*))
 *(.init_array*)
 .init_array    0x0000000008008850        0x4 D:/My IDEAS/STM32CubeIDE/STM32CubeIDE/plugins/com.st.stm32cube.ide.mcu.externaltools.gnu-tools-for-stm32.11.3.rel1.win32_1.1.100.202309141235/tools/bin/../lib/gcc/arm-none-eabi/11.3.1/thumb/v7-m/nofp/crtbegin.o
                0x0000000008008854                PROVIDE (__init_array_end = .)
                0x0000000008008854                . = ALIGN (0x4)

.fini_array     0x0000000008008854        0x4
                0x0000000008008854                . = ALIGN (0x4)
                [!provide]                        PROVIDE (__fini_array_start = .)
 *(SORT_BY_NAME(.fini_array.*))
 *(.fini_array*)
 .fini_array    0x0000000008008854        0x4 D:/My IDEAS/STM32CubeIDE/STM32CubeIDE/plugins/com.st.stm32cube.ide.mcu.externaltools.gnu-tools-for-stm32.11.3.rel1.win32_1.1.100.202309141235/tools/bin/../lib/gcc/arm-none-eabi/11.3.1/thumb/v7-m/nofp/crtbegin.o
                [!provide]                        PROVIDE (__fini_array_end = .)
                0x0000000008008858                . = ALIGN (0x4)
                0x0000000008008858                _sidata = LOADADDR (.data)

.data           0x0000000020000000       0xa8 load address 0x0000000008008858
                0x0000000020000000                . = ALIGN (0x4)
                0x0000000020000000                _sdata = .
 *(.data)
 *(.data*)
 .data.a        0x0000000020000000        0x4 ./Core/Src/main.o
                0x0000000020000000                a
 .data.SystemCoreClock
                0x0000000020000004        0x4 ./Core/Src/system_stm32f1xx.o
                0x0000000020000004                SystemCoreClock
 .data.uwTickPrio
                0x0000000020000008        0x4 ./Drivers/STM32F1xx_HAL_Driver/Src/stm32f1xx_hal.o
                0x0000000020000008                uwTickPrio
 .data.uwTickFreq
                0x000000002000000c        0x1 ./Drivers/STM32F1xx_HAL_Driver/Src/stm32f1xx_hal.o
                0x000000002000000c                uwTickFreq
 *fill*         0x000000002000000d        0x3 
 .data.st       0x0000000020000010       0x2c ./eMP/inv_mpu.o
 .data.gyro_orientation
                0x000000002000003c        0x9 ./eMP/mpu6050.o
 *fill*         0x0000000020000045        0x3 
 .data.one      0x0000000020000048        0x8 D:/My IDEAS/STM32CubeIDE/STM32CubeIDE/plugins/com.st.stm32cube.ide.mcu.externaltools.gnu-tools-for-stm32.11.3.rel1.win32_1.1.100.202309141235/tools/bin/../lib/gcc/arm-none-eabi/11.3.1/../../../../arm-none-eabi/lib/thumb/v7-m/nofp\libm.a(libm_a-e_sqrt.o)
 .data.tiny     0x0000000020000050        0x8 D:/My IDEAS/STM32CubeIDE/STM32CubeIDE/plugins/com.st.stm32cube.ide.mcu.externaltools.gnu-tools-for-stm32.11.3.rel1.win32_1.1.100.202309141235/tools/bin/../lib/gcc/arm-none-eabi/11.3.1/../../../../arm-none-eabi/lib/thumb/v7-m/nofp\libm.a(libm_a-e_sqrt.o)
 .data._impure_data
                0x0000000020000058       0x4c D:/My IDEAS/STM32CubeIDE/STM32CubeIDE/plugins/com.st.stm32cube.ide.mcu.externaltools.gnu-tools-for-stm32.11.3.rel1.win32_1.1.100.202309141235/tools/bin/../lib/gcc/arm-none-eabi/11.3.1/../../../../arm-none-eabi/lib/thumb/v7-m/nofp\libc_nano.a(libc_a-impure.o)
                0x0000000020000058                _impure_data
 .data._impure_ptr
                0x00000000200000a4        0x4 D:/My IDEAS/STM32CubeIDE/STM32CubeIDE/plugins/com.st.stm32cube.ide.mcu.externaltools.gnu-tools-for-stm32.11.3.rel1.win32_1.1.100.202309141235/tools/bin/../lib/gcc/arm-none-eabi/11.3.1/../../../../arm-none-eabi/lib/thumb/v7-m/nofp\libc_nano.a(libc_a-impure.o)
                0x00000000200000a4                _impure_ptr
 *(.RamFunc)
 *(.RamFunc*)
                0x00000000200000a8                . = ALIGN (0x4)
                0x00000000200000a8                _edata = .

.igot.plt       0x00000000200000a8        0x0 load address 0x0000000008008900
 .igot.plt      0x00000000200000a8        0x0 D:/My IDEAS/STM32CubeIDE/STM32CubeIDE/plugins/com.st.stm32cube.ide.mcu.externaltools.gnu-tools-for-stm32.11.3.rel1.win32_1.1.100.202309141235/tools/bin/../lib/gcc/arm-none-eabi/11.3.1/thumb/v7-m/nofp/crtbegin.o
                0x00000000200000a8                . = ALIGN (0x4)

.bss            0x00000000200000a8      0x1cc load address 0x0000000008008900
                0x00000000200000a8                _sbss = .
                0x00000000200000a8                __bss_start__ = _sbss
 *(.bss)
 .bss           0x00000000200000a8       0x1c D:/My IDEAS/STM32CubeIDE/STM32CubeIDE/plugins/com.st.stm32cube.ide.mcu.externaltools.gnu-tools-for-stm32.11.3.rel1.win32_1.1.100.202309141235/tools/bin/../lib/gcc/arm-none-eabi/11.3.1/thumb/v7-m/nofp/crtbegin.o
 *(.bss*)
 .bss.hi2c1     0x00000000200000c4       0x54 ./Core/Src/i2c.o
                0x00000000200000c4                hi2c1
 .bss.Pitch     0x0000000020000118        0x4 ./Core/Src/main.o
                0x0000000020000118                Pitch
 .bss.Roll      0x000000002000011c        0x4 ./Core/Src/main.o
                0x000000002000011c                Roll
 .bss.Yaw       0x0000000020000120        0x4 ./Core/Src/main.o
                0x0000000020000120                Yaw
 .bss.b         0x0000000020000124        0x4 ./Core/Src/main.o
                0x0000000020000124                b
 .bss.uwTick    0x0000000020000128        0x4 ./Drivers/STM32F1xx_HAL_Driver/Src/stm32f1xx_hal.o
                0x0000000020000128                uwTick
 .bss.dmp       0x000000002000012c       0x10 ./eMP/inv_mpu_dmp_motion_driver.o
 .bss.__sf      0x000000002000013c      0x138 D:/My IDEAS/STM32CubeIDE/STM32CubeIDE/plugins/com.st.stm32cube.ide.mcu.externaltools.gnu-tools-for-stm32.11.3.rel1.win32_1.1.100.202309141235/tools/bin/../lib/gcc/arm-none-eabi/11.3.1/../../../../arm-none-eabi/lib/thumb/v7-m/nofp\libc_nano.a(libc_a-findfp.o)
                0x000000002000013c                __sf
 *(COMMON)
                0x0000000020000274                . = ALIGN (0x4)
                0x0000000020000274                _ebss = .
                0x0000000020000274                __bss_end__ = _ebss

._user_heap_stack
                0x0000000020000274      0x604 load address 0x0000000008008900
                0x0000000020000278                . = ALIGN (0x8)
 *fill*         0x0000000020000274        0x4 
                [!provide]                        PROVIDE (end = .)
                0x0000000020000278                PROVIDE (_end = .)
                0x0000000020000478                . = (. + _Min_Heap_Size)
 *fill*         0x0000000020000278      0x200 
                0x0000000020000878                . = (. + _Min_Stack_Size)
 *fill*         0x0000000020000478      0x400 
                0x0000000020000878                . = ALIGN (0x8)

/DISCARD/
 libc.a(*)
 libm.a(*)
 libgcc.a(*)

.ARM.attributes
                0x0000000000000000       0x29
 *(.ARM.attributes)
 .ARM.attributes
                0x0000000000000000       0x1d D:/My IDEAS/STM32CubeIDE/STM32CubeIDE/plugins/com.st.stm32cube.ide.mcu.externaltools.gnu-tools-for-stm32.11.3.rel1.win32_1.1.100.202309141235/tools/bin/../lib/gcc/arm-none-eabi/11.3.1/thumb/v7-m/nofp/crti.o
 .ARM.attributes
                0x000000000000001d       0x2d D:/My IDEAS/STM32CubeIDE/STM32CubeIDE/plugins/com.st.stm32cube.ide.mcu.externaltools.gnu-tools-for-stm32.11.3.rel1.win32_1.1.100.202309141235/tools/bin/../lib/gcc/arm-none-eabi/11.3.1/thumb/v7-m/nofp/crtbegin.o
 .ARM.attributes
                0x000000000000004a       0x2d ./Core/Src/gpio.o
 .ARM.attributes
                0x0000000000000077       0x2d ./Core/Src/i2c.o
 .ARM.attributes
                0x00000000000000a4       0x2d ./Core/Src/main.o
 .ARM.attributes
                0x00000000000000d1       0x2d ./Core/Src/stm32f1xx_hal_msp.o
 .ARM.attributes
                0x00000000000000fe       0x2d ./Core/Src/stm32f1xx_it.o
 .ARM.attributes
                0x000000000000012b       0x2d ./Core/Src/system_stm32f1xx.o
 .ARM.attributes
                0x0000000000000158       0x21 ./Core/Startup/startup_stm32f103c8tx.o
 .ARM.attributes
                0x0000000000000179       0x2d ./Drivers/STM32F1xx_HAL_Driver/Src/stm32f1xx_hal.o
 .ARM.attributes
                0x00000000000001a6       0x2d ./Drivers/STM32F1xx_HAL_Driver/Src/stm32f1xx_hal_cortex.o
 .ARM.attributes
                0x00000000000001d3       0x2d ./Drivers/STM32F1xx_HAL_Driver/Src/stm32f1xx_hal_dma.o
 .ARM.attributes
                0x0000000000000200       0x2d ./Drivers/STM32F1xx_HAL_Driver/Src/stm32f1xx_hal_gpio.o
 .ARM.attributes
                0x000000000000022d       0x2d ./Drivers/STM32F1xx_HAL_Driver/Src/stm32f1xx_hal_i2c.o
 .ARM.attributes
                0x000000000000025a       0x2d ./Drivers/STM32F1xx_HAL_Driver/Src/stm32f1xx_hal_rcc.o
 .ARM.attributes
                0x0000000000000287       0x2d ./eMP/inv_mpu.o
 .ARM.attributes
                0x00000000000002b4       0x2d ./eMP/inv_mpu_dmp_motion_driver.o
 .ARM.attributes
                0x00000000000002e1       0x2d ./eMP/mpu6050.o
 .ARM.attributes
                0x000000000000030e       0x2d D:/My IDEAS/STM32CubeIDE/STM32CubeIDE/plugins/com.st.stm32cube.ide.mcu.externaltools.gnu-tools-for-stm32.11.3.rel1.win32_1.1.100.202309141235/tools/bin/../lib/gcc/arm-none-eabi/11.3.1/../../../../arm-none-eabi/lib/thumb/v7-m/nofp\libm.a(libm_a-w_asin.o)
 .ARM.attributes
                0x000000000000033b       0x2d D:/My IDEAS/STM32CubeIDE/STM32CubeIDE/plugins/com.st.stm32cube.ide.mcu.externaltools.gnu-tools-for-stm32.11.3.rel1.win32_1.1.100.202309141235/tools/bin/../lib/gcc/arm-none-eabi/11.3.1/../../../../arm-none-eabi/lib/thumb/v7-m/nofp\libm.a(libm_a-w_atan2.o)
 .ARM.attributes
                0x0000000000000368       0x2d D:/My IDEAS/STM32CubeIDE/STM32CubeIDE/plugins/com.st.stm32cube.ide.mcu.externaltools.gnu-tools-for-stm32.11.3.rel1.win32_1.1.100.202309141235/tools/bin/../lib/gcc/arm-none-eabi/11.3.1/../../../../arm-none-eabi/lib/thumb/v7-m/nofp\libm.a(libm_a-s_fabs.o)
 .ARM.attributes
                0x0000000000000395       0x2d D:/My IDEAS/STM32CubeIDE/STM32CubeIDE/plugins/com.st.stm32cube.ide.mcu.externaltools.gnu-tools-for-stm32.11.3.rel1.win32_1.1.100.202309141235/tools/bin/../lib/gcc/arm-none-eabi/11.3.1/../../../../arm-none-eabi/lib/thumb/v7-m/nofp\libm.a(libm_a-s_nan.o)
 .ARM.attributes
                0x00000000000003c2       0x2d D:/My IDEAS/STM32CubeIDE/STM32CubeIDE/plugins/com.st.stm32cube.ide.mcu.externaltools.gnu-tools-for-stm32.11.3.rel1.win32_1.1.100.202309141235/tools/bin/../lib/gcc/arm-none-eabi/11.3.1/../../../../arm-none-eabi/lib/thumb/v7-m/nofp\libm.a(libm_a-e_asin.o)
 .ARM.attributes
                0x00000000000003ef       0x2d D:/My IDEAS/STM32CubeIDE/STM32CubeIDE/plugins/com.st.stm32cube.ide.mcu.externaltools.gnu-tools-for-stm32.11.3.rel1.win32_1.1.100.202309141235/tools/bin/../lib/gcc/arm-none-eabi/11.3.1/../../../../arm-none-eabi/lib/thumb/v7-m/nofp\libm.a(libm_a-e_atan2.o)
 .ARM.attributes
                0x000000000000041c       0x2d D:/My IDEAS/STM32CubeIDE/STM32CubeIDE/plugins/com.st.stm32cube.ide.mcu.externaltools.gnu-tools-for-stm32.11.3.rel1.win32_1.1.100.202309141235/tools/bin/../lib/gcc/arm-none-eabi/11.3.1/../../../../arm-none-eabi/lib/thumb/v7-m/nofp\libm.a(libm_a-s_atan.o)
 .ARM.attributes
                0x0000000000000449       0x2d D:/My IDEAS/STM32CubeIDE/STM32CubeIDE/plugins/com.st.stm32cube.ide.mcu.externaltools.gnu-tools-for-stm32.11.3.rel1.win32_1.1.100.202309141235/tools/bin/../lib/gcc/arm-none-eabi/11.3.1/../../../../arm-none-eabi/lib/thumb/v7-m/nofp\libm.a(libm_a-e_sqrt.o)
 .ARM.attributes
                0x0000000000000476       0x2d D:/My IDEAS/STM32CubeIDE/STM32CubeIDE/plugins/com.st.stm32cube.ide.mcu.externaltools.gnu-tools-for-stm32.11.3.rel1.win32_1.1.100.202309141235/tools/bin/../lib/gcc/arm-none-eabi/11.3.1/../../../../arm-none-eabi/lib/thumb/v7-m/nofp\libc_nano.a(libc_a-findfp.o)
 .ARM.attributes
                0x00000000000004a3       0x2d D:/My IDEAS/STM32CubeIDE/STM32CubeIDE/plugins/com.st.stm32cube.ide.mcu.externaltools.gnu-tools-for-stm32.11.3.rel1.win32_1.1.100.202309141235/tools/bin/../lib/gcc/arm-none-eabi/11.3.1/../../../../arm-none-eabi/lib/thumb/v7-m/nofp\libc_nano.a(libc_a-memcmp.o)
 .ARM.attributes
                0x00000000000004d0       0x2d D:/My IDEAS/STM32CubeIDE/STM32CubeIDE/plugins/com.st.stm32cube.ide.mcu.externaltools.gnu-tools-for-stm32.11.3.rel1.win32_1.1.100.202309141235/tools/bin/../lib/gcc/arm-none-eabi/11.3.1/../../../../arm-none-eabi/lib/thumb/v7-m/nofp\libc_nano.a(libc_a-memset.o)
 .ARM.attributes
                0x00000000000004fd       0x2d D:/My IDEAS/STM32CubeIDE/STM32CubeIDE/plugins/com.st.stm32cube.ide.mcu.externaltools.gnu-tools-for-stm32.11.3.rel1.win32_1.1.100.202309141235/tools/bin/../lib/gcc/arm-none-eabi/11.3.1/../../../../arm-none-eabi/lib/thumb/v7-m/nofp\libc_nano.a(libc_a-impure.o)
 .ARM.attributes
                0x000000000000052a       0x2d D:/My IDEAS/STM32CubeIDE/STM32CubeIDE/plugins/com.st.stm32cube.ide.mcu.externaltools.gnu-tools-for-stm32.11.3.rel1.win32_1.1.100.202309141235/tools/bin/../lib/gcc/arm-none-eabi/11.3.1/../../../../arm-none-eabi/lib/thumb/v7-m/nofp\libc_nano.a(libc_a-errno.o)
 .ARM.attributes
                0x0000000000000557       0x2d D:/My IDEAS/STM32CubeIDE/STM32CubeIDE/plugins/com.st.stm32cube.ide.mcu.externaltools.gnu-tools-for-stm32.11.3.rel1.win32_1.1.100.202309141235/tools/bin/../lib/gcc/arm-none-eabi/11.3.1/../../../../arm-none-eabi/lib/thumb/v7-m/nofp\libc_nano.a(libc_a-init.o)
 .ARM.attributes
                0x0000000000000584       0x1d D:/My IDEAS/STM32CubeIDE/STM32CubeIDE/plugins/com.st.stm32cube.ide.mcu.externaltools.gnu-tools-for-stm32.11.3.rel1.win32_1.1.100.202309141235/tools/bin/../lib/gcc/arm-none-eabi/11.3.1/thumb/v7-m/nofp\libgcc.a(_arm_addsubdf3.o)
 .ARM.attributes
                0x00000000000005a1       0x1d D:/My IDEAS/STM32CubeIDE/STM32CubeIDE/plugins/com.st.stm32cube.ide.mcu.externaltools.gnu-tools-for-stm32.11.3.rel1.win32_1.1.100.202309141235/tools/bin/../lib/gcc/arm-none-eabi/11.3.1/thumb/v7-m/nofp\libgcc.a(_arm_muldivdf3.o)
 .ARM.attributes
                0x00000000000005be       0x1d D:/My IDEAS/STM32CubeIDE/STM32CubeIDE/plugins/com.st.stm32cube.ide.mcu.externaltools.gnu-tools-for-stm32.11.3.rel1.win32_1.1.100.202309141235/tools/bin/../lib/gcc/arm-none-eabi/11.3.1/thumb/v7-m/nofp\libgcc.a(_arm_cmpdf2.o)
 .ARM.attributes
                0x00000000000005db       0x1d D:/My IDEAS/STM32CubeIDE/STM32CubeIDE/plugins/com.st.stm32cube.ide.mcu.externaltools.gnu-tools-for-stm32.11.3.rel1.win32_1.1.100.202309141235/tools/bin/../lib/gcc/arm-none-eabi/11.3.1/thumb/v7-m/nofp\libgcc.a(_arm_unorddf2.o)
 .ARM.attributes
                0x00000000000005f8       0x1d D:/My IDEAS/STM32CubeIDE/STM32CubeIDE/plugins/com.st.stm32cube.ide.mcu.externaltools.gnu-tools-for-stm32.11.3.rel1.win32_1.1.100.202309141235/tools/bin/../lib/gcc/arm-none-eabi/11.3.1/thumb/v7-m/nofp\libgcc.a(_arm_truncdfsf2.o)
 .ARM.attributes
                0x0000000000000615       0x1d D:/My IDEAS/STM32CubeIDE/STM32CubeIDE/plugins/com.st.stm32cube.ide.mcu.externaltools.gnu-tools-for-stm32.11.3.rel1.win32_1.1.100.202309141235/tools/bin/../lib/gcc/arm-none-eabi/11.3.1/thumb/v7-m/nofp\libgcc.a(_arm_addsubsf3.o)
 .ARM.attributes
                0x0000000000000632       0x1d D:/My IDEAS/STM32CubeIDE/STM32CubeIDE/plugins/com.st.stm32cube.ide.mcu.externaltools.gnu-tools-for-stm32.11.3.rel1.win32_1.1.100.202309141235/tools/bin/../lib/gcc/arm-none-eabi/11.3.1/thumb/v7-m/nofp\libgcc.a(_arm_muldivsf3.o)
 .ARM.attributes
                0x000000000000064f       0x1d D:/My IDEAS/STM32CubeIDE/STM32CubeIDE/plugins/com.st.stm32cube.ide.mcu.externaltools.gnu-tools-for-stm32.11.3.rel1.win32_1.1.100.202309141235/tools/bin/../lib/gcc/arm-none-eabi/11.3.1/thumb/v7-m/nofp\libgcc.a(_arm_fixunssfsi.o)
 .ARM.attributes
                0x000000000000066c       0x1d D:/My IDEAS/STM32CubeIDE/STM32CubeIDE/plugins/com.st.stm32cube.ide.mcu.externaltools.gnu-tools-for-stm32.11.3.rel1.win32_1.1.100.202309141235/tools/bin/../lib/gcc/arm-none-eabi/11.3.1/thumb/v7-m/nofp/crtn.o
OUTPUT(ASD.elf elf32-littlearm)
LOAD linker stubs
LOAD D:/My IDEAS/STM32CubeIDE/STM32CubeIDE/plugins/com.st.stm32cube.ide.mcu.externaltools.gnu-tools-for-stm32.11.3.rel1.win32_1.1.100.202309141235/tools/bin/../lib/gcc/arm-none-eabi/11.3.1/../../../../arm-none-eabi/lib/thumb/v7-m/nofp\libc.a
LOAD D:/My IDEAS/STM32CubeIDE/STM32CubeIDE/plugins/com.st.stm32cube.ide.mcu.externaltools.gnu-tools-for-stm32.11.3.rel1.win32_1.1.100.202309141235/tools/bin/../lib/gcc/arm-none-eabi/11.3.1/../../../../arm-none-eabi/lib/thumb/v7-m/nofp\libm.a
LOAD D:/My IDEAS/STM32CubeIDE/STM32CubeIDE/plugins/com.st.stm32cube.ide.mcu.externaltools.gnu-tools-for-stm32.11.3.rel1.win32_1.1.100.202309141235/tools/bin/../lib/gcc/arm-none-eabi/11.3.1/thumb/v7-m/nofp\libgcc.a

.comment        0x0000000000000000       0x43
 .comment       0x0000000000000000       0x43 D:/My IDEAS/STM32CubeIDE/STM32CubeIDE/plugins/com.st.stm32cube.ide.mcu.externaltools.gnu-tools-for-stm32.11.3.rel1.win32_1.1.100.202309141235/tools/bin/../lib/gcc/arm-none-eabi/11.3.1/thumb/v7-m/nofp/crtbegin.o
                                         0x44 (size before relaxing)
 .comment       0x0000000000000043       0x44 ./Core/Src/gpio.o
 .comment       0x0000000000000043       0x44 ./Core/Src/i2c.o
 .comment       0x0000000000000043       0x44 ./Core/Src/main.o
 .comment       0x0000000000000043       0x44 ./Core/Src/stm32f1xx_hal_msp.o
 .comment       0x0000000000000043       0x44 ./Core/Src/stm32f1xx_it.o
 .comment       0x0000000000000043       0x44 ./Core/Src/system_stm32f1xx.o
 .comment       0x0000000000000043       0x44 ./Drivers/STM32F1xx_HAL_Driver/Src/stm32f1xx_hal.o
 .comment       0x0000000000000043       0x44 ./Drivers/STM32F1xx_HAL_Driver/Src/stm32f1xx_hal_cortex.o
 .comment       0x0000000000000043       0x44 ./Drivers/STM32F1xx_HAL_Driver/Src/stm32f1xx_hal_dma.o
 .comment       0x0000000000000043       0x44 ./Drivers/STM32F1xx_HAL_Driver/Src/stm32f1xx_hal_gpio.o
 .comment       0x0000000000000043       0x44 ./Drivers/STM32F1xx_HAL_Driver/Src/stm32f1xx_hal_i2c.o
 .comment       0x0000000000000043       0x44 ./Drivers/STM32F1xx_HAL_Driver/Src/stm32f1xx_hal_rcc.o
 .comment       0x0000000000000043       0x44 ./eMP/inv_mpu.o
 .comment       0x0000000000000043       0x44 ./eMP/inv_mpu_dmp_motion_driver.o
 .comment       0x0000000000000043       0x44 ./eMP/mpu6050.o

.debug_info     0x0000000000000000     0x93d2
 .debug_info    0x0000000000000000      0x184 ./Core/Src/gpio.o
 .debug_info    0x0000000000000184      0x976 ./Core/Src/i2c.o
 .debug_info    0x0000000000000afa      0x860 ./Core/Src/main.o
 .debug_info    0x000000000000135a      0x1f1 ./Core/Src/stm32f1xx_hal_msp.o
 .debug_info    0x000000000000154b      0x638 ./Core/Src/stm32f1xx_it.o
 .debug_info    0x0000000000001b83      0x222 ./Core/Src/system_stm32f1xx.o
 .debug_info    0x0000000000001da5       0x23 ./Core/Startup/startup_stm32f103c8tx.o
 .debug_info    0x0000000000001dc8      0x704 ./Drivers/STM32F1xx_HAL_Driver/Src/stm32f1xx_hal.o
 .debug_info    0x00000000000024cc      0xa87 ./Drivers/STM32F1xx_HAL_Driver/Src/stm32f1xx_hal_cortex.o
 .debug_info    0x0000000000002f53      0x6d2 ./Drivers/STM32F1xx_HAL_Driver/Src/stm32f1xx_hal_dma.o
 .debug_info    0x0000000000003625      0x5ab ./Drivers/STM32F1xx_HAL_Driver/Src/stm32f1xx_hal_gpio.o
 .debug_info    0x0000000000003bd0     0x2515 ./Drivers/STM32F1xx_HAL_Driver/Src/stm32f1xx_hal_i2c.o
 .debug_info    0x00000000000060e5      0x7d5 ./Drivers/STM32F1xx_HAL_Driver/Src/stm32f1xx_hal_rcc.o
 .debug_info    0x00000000000068ba     0x1b63 ./eMP/inv_mpu.o
 .debug_info    0x000000000000841d      0xb79 ./eMP/inv_mpu_dmp_motion_driver.o
 .debug_info    0x0000000000008f96      0x43c ./eMP/mpu6050.o

.debug_abbrev   0x0000000000000000     0x1ccc
 .debug_abbrev  0x0000000000000000       0xc6 ./Core/Src/gpio.o
 .debug_abbrev  0x00000000000000c6      0x1fd ./Core/Src/i2c.o
 .debug_abbrev  0x00000000000002c3      0x240 ./Core/Src/main.o
 .debug_abbrev  0x0000000000000503       0xdb ./Core/Src/stm32f1xx_hal_msp.o
 .debug_abbrev  0x00000000000005de      0x16d ./Core/Src/stm32f1xx_it.o
 .debug_abbrev  0x000000000000074b      0x13f ./Core/Src/system_stm32f1xx.o
 .debug_abbrev  0x000000000000088a       0x12 ./Core/Startup/startup_stm32f103c8tx.o
 .debug_abbrev  0x000000000000089c      0x201 ./Drivers/STM32F1xx_HAL_Driver/Src/stm32f1xx_hal.o
 .debug_abbrev  0x0000000000000a9d      0x2f8 ./Drivers/STM32F1xx_HAL_Driver/Src/stm32f1xx_hal_cortex.o
 .debug_abbrev  0x0000000000000d95      0x20b ./Drivers/STM32F1xx_HAL_Driver/Src/stm32f1xx_hal_dma.o
 .debug_abbrev  0x0000000000000fa0      0x1ca ./Drivers/STM32F1xx_HAL_Driver/Src/stm32f1xx_hal_gpio.o
 .debug_abbrev  0x000000000000116a      0x2a3 ./Drivers/STM32F1xx_HAL_Driver/Src/stm32f1xx_hal_i2c.o
 .debug_abbrev  0x000000000000140d      0x2b3 ./Drivers/STM32F1xx_HAL_Driver/Src/stm32f1xx_hal_rcc.o
 .debug_abbrev  0x00000000000016c0      0x2ce ./eMP/inv_mpu.o
 .debug_abbrev  0x000000000000198e      0x1ef ./eMP/inv_mpu_dmp_motion_driver.o
 .debug_abbrev  0x0000000000001b7d      0x14f ./eMP/mpu6050.o

.debug_aranges  0x0000000000000000      0xa28
 .debug_aranges
                0x0000000000000000       0x20 ./Core/Src/gpio.o
 .debug_aranges
                0x0000000000000020       0x30 ./Core/Src/i2c.o
 .debug_aranges
                0x0000000000000050       0x30 ./Core/Src/main.o
 .debug_aranges
                0x0000000000000080       0x20 ./Core/Src/stm32f1xx_hal_msp.o
 .debug_aranges
                0x00000000000000a0       0x68 ./Core/Src/stm32f1xx_it.o
 .debug_aranges
                0x0000000000000108       0x28 ./Core/Src/system_stm32f1xx.o
 .debug_aranges
                0x0000000000000130       0x28 ./Core/Startup/startup_stm32f103c8tx.o
 .debug_aranges
                0x0000000000000158       0xe0 ./Drivers/STM32F1xx_HAL_Driver/Src/stm32f1xx_hal.o
 .debug_aranges
                0x0000000000000238      0x100 ./Drivers/STM32F1xx_HAL_Driver/Src/stm32f1xx_hal_cortex.o
 .debug_aranges
                0x0000000000000338       0x80 ./Drivers/STM32F1xx_HAL_Driver/Src/stm32f1xx_hal_dma.o
 .debug_aranges
                0x00000000000003b8       0x58 ./Drivers/STM32F1xx_HAL_Driver/Src/stm32f1xx_hal_gpio.o
 .debug_aranges
                0x0000000000000410      0x2a8 ./Drivers/STM32F1xx_HAL_Driver/Src/stm32f1xx_hal_i2c.o
 .debug_aranges
                0x00000000000006b8       0x90 ./Drivers/STM32F1xx_HAL_Driver/Src/stm32f1xx_hal_rcc.o
 .debug_aranges
                0x0000000000000748      0x1a8 ./eMP/inv_mpu.o
 .debug_aranges
                0x00000000000008f0       0xf8 ./eMP/inv_mpu_dmp_motion_driver.o
 .debug_aranges
                0x00000000000009e8       0x40 ./eMP/mpu6050.o

.debug_rnglists
                0x0000000000000000      0x7d1
 .debug_rnglists
                0x0000000000000000       0x13 ./Core/Src/gpio.o
 .debug_rnglists
                0x0000000000000013       0x20 ./Core/Src/i2c.o
 .debug_rnglists
                0x0000000000000033       0x20 ./Core/Src/main.o
 .debug_rnglists
                0x0000000000000053       0x13 ./Core/Src/stm32f1xx_hal_msp.o
 .debug_rnglists
                0x0000000000000066       0x49 ./Core/Src/stm32f1xx_it.o
 .debug_rnglists
                0x00000000000000af       0x1a ./Core/Src/system_stm32f1xx.o
 .debug_rnglists
                0x00000000000000c9       0x19 ./Core/Startup/startup_stm32f103c8tx.o
 .debug_rnglists
                0x00000000000000e2       0xa3 ./Drivers/STM32F1xx_HAL_Driver/Src/stm32f1xx_hal.o
 .debug_rnglists
                0x0000000000000185       0xbb ./Drivers/STM32F1xx_HAL_Driver/Src/stm32f1xx_hal_cortex.o
 .debug_rnglists
                0x0000000000000240       0x64 ./Drivers/STM32F1xx_HAL_Driver/Src/stm32f1xx_hal_dma.o
 .debug_rnglists
                0x00000000000002a4       0x3f ./Drivers/STM32F1xx_HAL_Driver/Src/stm32f1xx_hal_gpio.o
 .debug_rnglists
                0x00000000000002e3      0x23c ./Drivers/STM32F1xx_HAL_Driver/Src/stm32f1xx_hal_i2c.o
 .debug_rnglists
                0x000000000000051f       0x6c ./Drivers/STM32F1xx_HAL_Driver/Src/stm32f1xx_hal_rcc.o
 .debug_rnglists
                0x000000000000058b      0x15a ./eMP/inv_mpu.o
 .debug_rnglists
                0x00000000000006e5       0xbd ./eMP/inv_mpu_dmp_motion_driver.o
 .debug_rnglists
                0x00000000000007a2       0x2f ./eMP/mpu6050.o

.debug_macro    0x0000000000000000    0x18726
 .debug_macro   0x0000000000000000      0x1a2 ./Core/Src/gpio.o
 .debug_macro   0x00000000000001a2      0xa9c ./Core/Src/gpio.o
 .debug_macro   0x0000000000000c3e      0x215 ./Core/Src/gpio.o
 .debug_macro   0x0000000000000e53       0x2e ./Core/Src/gpio.o
 .debug_macro   0x0000000000000e81       0x22 ./Core/Src/gpio.o
 .debug_macro   0x0000000000000ea3       0x22 ./Core/Src/gpio.o
 .debug_macro   0x0000000000000ec5       0x8e ./Core/Src/gpio.o
 .debug_macro   0x0000000000000f53       0x51 ./Core/Src/gpio.o
 .debug_macro   0x0000000000000fa4      0x103 ./Core/Src/gpio.o
 .debug_macro   0x00000000000010a7       0x6a ./Core/Src/gpio.o
 .debug_macro   0x0000000000001111      0x1df ./Core/Src/gpio.o
 .debug_macro   0x00000000000012f0       0x1c ./Core/Src/gpio.o
 .debug_macro   0x000000000000130c       0x22 ./Core/Src/gpio.o
 .debug_macro   0x000000000000132e       0xbd ./Core/Src/gpio.o
 .debug_macro   0x00000000000013eb      0xd23 ./Core/Src/gpio.o
 .debug_macro   0x000000000000210e     0xe09e ./Core/Src/gpio.o
 .debug_macro   0x00000000000101ac       0x6d ./Core/Src/gpio.o
 .debug_macro   0x0000000000010219     0x348d ./Core/Src/gpio.o
 .debug_macro   0x00000000000136a6      0x174 ./Core/Src/gpio.o
 .debug_macro   0x000000000001381a       0x5c ./Core/Src/gpio.o
 .debug_macro   0x0000000000013876      0x5bc ./Core/Src/gpio.o
 .debug_macro   0x0000000000013e32      0x289 ./Core/Src/gpio.o
 .debug_macro   0x00000000000140bb      0x1cb ./Core/Src/gpio.o
 .debug_macro   0x0000000000014286      0x114 ./Core/Src/gpio.o
 .debug_macro   0x000000000001439a      0x1b2 ./Core/Src/gpio.o
 .debug_macro   0x000000000001454c       0x27 ./Core/Src/gpio.o
 .debug_macro   0x0000000000014573      0x136 ./Core/Src/gpio.o
 .debug_macro   0x00000000000146a9      0x1bc ./Core/Src/gpio.o
 .debug_macro   0x0000000000014865       0x34 ./Core/Src/gpio.o
 .debug_macro   0x0000000000014899       0x3c ./Core/Src/gpio.o
 .debug_macro   0x00000000000148d5       0x57 ./Core/Src/gpio.o
 .debug_macro   0x000000000001492c       0x87 ./Core/Src/gpio.o
 .debug_macro   0x00000000000149b3      0x240 ./Core/Src/gpio.o
 .debug_macro   0x0000000000014bf3      0x287 ./Core/Src/gpio.o
 .debug_macro   0x0000000000014e7a      0x140 ./Core/Src/gpio.o
 .debug_macro   0x0000000000014fba       0x83 ./Core/Src/gpio.o
 .debug_macro   0x000000000001503d      0x1a2 ./Core/Src/i2c.o
 .debug_macro   0x00000000000151df      0x1ba ./Core/Src/main.o
 .debug_macro   0x0000000000015399      0x198 ./Core/Src/stm32f1xx_hal_msp.o
 .debug_macro   0x0000000000015531      0x1a2 ./Core/Src/stm32f1xx_it.o
 .debug_macro   0x00000000000156d3      0x18e ./Core/Src/system_stm32f1xx.o
 .debug_macro   0x0000000000015861      0x1b2 ./Drivers/STM32F1xx_HAL_Driver/Src/stm32f1xx_hal.o
 .debug_macro   0x0000000000015a13      0x18e ./Drivers/STM32F1xx_HAL_Driver/Src/stm32f1xx_hal_cortex.o
 .debug_macro   0x0000000000015ba1      0x18e ./Drivers/STM32F1xx_HAL_Driver/Src/stm32f1xx_hal_dma.o
 .debug_macro   0x0000000000015d2f      0x1f9 ./Drivers/STM32F1xx_HAL_Driver/Src/stm32f1xx_hal_gpio.o
 .debug_macro   0x0000000000015f28      0x1dc ./Drivers/STM32F1xx_HAL_Driver/Src/stm32f1xx_hal_i2c.o
 .debug_macro   0x0000000000016104      0x1a0 ./Drivers/STM32F1xx_HAL_Driver/Src/stm32f1xx_hal_rcc.o
 .debug_macro   0x00000000000162a4      0x458 ./eMP/inv_mpu.o
 .debug_macro   0x00000000000166fc       0x16 ./eMP/inv_mpu.o
 .debug_macro   0x0000000000016712       0x97 ./eMP/inv_mpu.o
 .debug_macro   0x00000000000167a9       0xfd ./eMP/inv_mpu.o
 .debug_macro   0x00000000000168a6       0x16 ./eMP/inv_mpu.o
 .debug_macro   0x00000000000168bc       0x16 ./eMP/inv_mpu.o
 .debug_macro   0x00000000000168d2       0x20 ./eMP/inv_mpu.o
 .debug_macro   0x00000000000168f2      0x19b ./eMP/inv_mpu.o
 .debug_macro   0x0000000000016a8d       0x8e ./eMP/inv_mpu.o
 .debug_macro   0x0000000000016b1b       0x56 ./eMP/inv_mpu.o
 .debug_macro   0x0000000000016b71      0x7ac ./eMP/inv_mpu_dmp_motion_driver.o
 .debug_macro   0x000000000001731d       0xa6 ./eMP/inv_mpu_dmp_motion_driver.o
 .debug_macro   0x00000000000173c3      0xb8a ./eMP/inv_mpu_dmp_motion_driver.o
 .debug_macro   0x0000000000017f4d      0x659 ./eMP/inv_mpu_dmp_motion_driver.o
 .debug_macro   0x00000000000185a6      0x164 ./eMP/mpu6050.o
 .debug_macro   0x000000000001870a       0x1c ./eMP/mpu6050.o

.debug_line     0x0000000000000000     0xdbf5
 .debug_line    0x0000000000000000      0x6cc ./Core/Src/gpio.o
 .debug_line    0x00000000000006cc      0x737 ./Core/Src/i2c.o
 .debug_line    0x0000000000000e03      0x76c ./Core/Src/main.o
 .debug_line    0x000000000000156f      0x6d0 ./Core/Src/stm32f1xx_hal_msp.o
 .debug_line    0x0000000000001c3f      0x7a9 ./Core/Src/stm32f1xx_it.o
 .debug_line    0x00000000000023e8      0x74d ./Core/Src/system_stm32f1xx.o
 .debug_line    0x0000000000002b35       0x78 ./Core/Startup/startup_stm32f103c8tx.o
 .debug_line    0x0000000000002bad      0x97a ./Drivers/STM32F1xx_HAL_Driver/Src/stm32f1xx_hal.o
 .debug_line    0x0000000000003527      0xb62 ./Drivers/STM32F1xx_HAL_Driver/Src/stm32f1xx_hal_cortex.o
 .debug_line    0x0000000000004089      0xdd3 ./Drivers/STM32F1xx_HAL_Driver/Src/stm32f1xx_hal_dma.o
 .debug_line    0x0000000000004e5c      0xa13 ./Drivers/STM32F1xx_HAL_Driver/Src/stm32f1xx_hal_gpio.o
 .debug_line    0x000000000000586f     0x3af1 ./Drivers/STM32F1xx_HAL_Driver/Src/stm32f1xx_hal_i2c.o
 .debug_line    0x0000000000009360      0xd83 ./Drivers/STM32F1xx_HAL_Driver/Src/stm32f1xx_hal_rcc.o
 .debug_line    0x000000000000a0e3     0x1fd5 ./eMP/inv_mpu.o
 .debug_line    0x000000000000c0b8     0x1364 ./eMP/inv_mpu_dmp_motion_driver.o
 .debug_line    0x000000000000d41c      0x7d9 ./eMP/mpu6050.o

.debug_str      0x0000000000000000    0x88836
 .debug_str     0x0000000000000000    0x7c1bf ./Core/Src/gpio.o
                                      0x7c4ee (size before relaxing)
 .debug_str     0x000000000007c1bf      0x7ad ./Core/Src/i2c.o
                                      0x7cd69 (size before relaxing)
 .debug_str     0x000000000007c96c      0x1c3 ./Core/Src/main.o
                                      0x7cb4b (size before relaxing)
 .debug_str     0x000000000007cb2f       0x5a ./Core/Src/stm32f1xx_hal_msp.o
                                      0x7c51c (size before relaxing)
 .debug_str     0x000000000007cb89       0xf2 ./Core/Src/stm32f1xx_it.o
                                      0x7c9f0 (size before relaxing)
 .debug_str     0x000000000007cc7b       0x7e ./Core/Src/system_stm32f1xx.o
                                      0x7c547 (size before relaxing)
 .debug_str     0x000000000007ccf9       0x34 ./Core/Startup/startup_stm32f103c8tx.o
                                         0x4f (size before relaxing)
 .debug_str     0x000000000007cd2d      0x38e ./Drivers/STM32F1xx_HAL_Driver/Src/stm32f1xx_hal.o
                                      0x7cc7a (size before relaxing)
 .debug_str     0x000000000007d0bb      0x294 ./Drivers/STM32F1xx_HAL_Driver/Src/stm32f1xx_hal_cortex.o
                                      0x7cbc6 (size before relaxing)
 .debug_str     0x000000000007d34f      0x23a ./Drivers/STM32F1xx_HAL_Driver/Src/stm32f1xx_hal_dma.o
                                      0x7c8f0 (size before relaxing)
 .debug_str     0x000000000007d589      0x31d ./Drivers/STM32F1xx_HAL_Driver/Src/stm32f1xx_hal_gpio.o
                                      0x7c8cd (size before relaxing)
 .debug_str     0x000000000007d8a6      0xb91 ./Drivers/STM32F1xx_HAL_Driver/Src/stm32f1xx_hal_i2c.o
                                      0x7d60e (size before relaxing)
 .debug_str     0x000000000007e437      0x209 ./Drivers/STM32F1xx_HAL_Driver/Src/stm32f1xx_hal_rcc.o
                                      0x7c976 (size before relaxing)
 .debug_str     0x000000000007e640     0x51ac ./eMP/inv_mpu.o
                                      0x81c40 (size before relaxing)
 .debug_str     0x00000000000837ec     0x4fc3 ./eMP/inv_mpu_dmp_motion_driver.o
                                      0x858ec (size before relaxing)
 .debug_str     0x00000000000887af       0x87 ./eMP/mpu6050.o
                                       0x7b39 (size before relaxing)

.debug_frame    0x0000000000000000     0x2ef8
 .debug_frame   0x0000000000000000       0x38 ./Core/Src/gpio.o
 .debug_frame   0x0000000000000038       0x74 ./Core/Src/i2c.o
 .debug_frame   0x00000000000000ac       0x68 ./Core/Src/main.o
 .debug_frame   0x0000000000000114       0x38 ./Core/Src/stm32f1xx_hal_msp.o
 .debug_frame   0x000000000000014c      0x120 ./Core/Src/stm32f1xx_it.o
 .debug_frame   0x000000000000026c       0x58 ./Core/Src/system_stm32f1xx.o
 .debug_frame   0x00000000000002c4      0x334 ./Drivers/STM32F1xx_HAL_Driver/Src/stm32f1xx_hal.o
 .debug_frame   0x00000000000005f8      0x428 ./Drivers/STM32F1xx_HAL_Driver/Src/stm32f1xx_hal_cortex.o
 .debug_frame   0x0000000000000a20      0x208 ./Drivers/STM32F1xx_HAL_Driver/Src/stm32f1xx_hal_dma.o
 .debug_frame   0x0000000000000c28      0x14c ./Drivers/STM32F1xx_HAL_Driver/Src/stm32f1xx_hal_gpio.o
 .debug_frame   0x0000000000000d74      0xc84 ./Drivers/STM32F1xx_HAL_Driver/Src/stm32f1xx_hal_i2c.o
 .debug_frame   0x00000000000019f8      0x218 ./Drivers/STM32F1xx_HAL_Driver/Src/stm32f1xx_hal_rcc.o
 .debug_frame   0x0000000000001c10      0x7d0 ./eMP/inv_mpu.o
 .debug_frame   0x00000000000023e0      0x42c ./eMP/inv_mpu_dmp_motion_driver.o
 .debug_frame   0x000000000000280c       0xd4 ./eMP/mpu6050.o
 .debug_frame   0x00000000000028e0       0x3c D:/My IDEAS/STM32CubeIDE/STM32CubeIDE/plugins/com.st.stm32cube.ide.mcu.externaltools.gnu-tools-for-stm32.11.3.rel1.win32_1.1.100.202309141235/tools/bin/../lib/gcc/arm-none-eabi/11.3.1/../../../../arm-none-eabi/lib/thumb/v7-m/nofp\libm.a(libm_a-w_asin.o)
 .debug_frame   0x000000000000291c       0x20 D:/My IDEAS/STM32CubeIDE/STM32CubeIDE/plugins/com.st.stm32cube.ide.mcu.externaltools.gnu-tools-for-stm32.11.3.rel1.win32_1.1.100.202309141235/tools/bin/../lib/gcc/arm-none-eabi/11.3.1/../../../../arm-none-eabi/lib/thumb/v7-m/nofp\libm.a(libm_a-w_atan2.o)
 .debug_frame   0x000000000000293c       0x20 D:/My IDEAS/STM32CubeIDE/STM32CubeIDE/plugins/com.st.stm32cube.ide.mcu.externaltools.gnu-tools-for-stm32.11.3.rel1.win32_1.1.100.202309141235/tools/bin/../lib/gcc/arm-none-eabi/11.3.1/../../../../arm-none-eabi/lib/thumb/v7-m/nofp\libm.a(libm_a-s_fabs.o)
 .debug_frame   0x000000000000295c       0x20 D:/My IDEAS/STM32CubeIDE/STM32CubeIDE/plugins/com.st.stm32cube.ide.mcu.externaltools.gnu-tools-for-stm32.11.3.rel1.win32_1.1.100.202309141235/tools/bin/../lib/gcc/arm-none-eabi/11.3.1/../../../../arm-none-eabi/lib/thumb/v7-m/nofp\libm.a(libm_a-s_nan.o)
 .debug_frame   0x000000000000297c       0x40 D:/My IDEAS/STM32CubeIDE/STM32CubeIDE/plugins/com.st.stm32cube.ide.mcu.externaltools.gnu-tools-for-stm32.11.3.rel1.win32_1.1.100.202309141235/tools/bin/../lib/gcc/arm-none-eabi/11.3.1/../../../../arm-none-eabi/lib/thumb/v7-m/nofp\libm.a(libm_a-e_asin.o)
 .debug_frame   0x00000000000029bc       0x48 D:/My IDEAS/STM32CubeIDE/STM32CubeIDE/plugins/com.st.stm32cube.ide.mcu.externaltools.gnu-tools-for-stm32.11.3.rel1.win32_1.1.100.202309141235/tools/bin/../lib/gcc/arm-none-eabi/11.3.1/../../../../arm-none-eabi/lib/thumb/v7-m/nofp\libm.a(libm_a-e_atan2.o)
 .debug_frame   0x0000000000002a04       0x38 D:/My IDEAS/STM32CubeIDE/STM32CubeIDE/plugins/com.st.stm32cube.ide.mcu.externaltools.gnu-tools-for-stm32.11.3.rel1.win32_1.1.100.202309141235/tools/bin/../lib/gcc/arm-none-eabi/11.3.1/../../../../arm-none-eabi/lib/thumb/v7-m/nofp\libm.a(libm_a-s_atan.o)
 .debug_frame   0x0000000000002a3c       0x38 D:/My IDEAS/STM32CubeIDE/STM32CubeIDE/plugins/com.st.stm32cube.ide.mcu.externaltools.gnu-tools-for-stm32.11.3.rel1.win32_1.1.100.202309141235/tools/bin/../lib/gcc/arm-none-eabi/11.3.1/../../../../arm-none-eabi/lib/thumb/v7-m/nofp\libm.a(libm_a-e_sqrt.o)
 .debug_frame   0x0000000000002a74      0x144 D:/My IDEAS/STM32CubeIDE/STM32CubeIDE/plugins/com.st.stm32cube.ide.mcu.externaltools.gnu-tools-for-stm32.11.3.rel1.win32_1.1.100.202309141235/tools/bin/../lib/gcc/arm-none-eabi/11.3.1/../../../../arm-none-eabi/lib/thumb/v7-m/nofp\libc_nano.a(libc_a-findfp.o)
 .debug_frame   0x0000000000002bb8       0x28 D:/My IDEAS/STM32CubeIDE/STM32CubeIDE/plugins/com.st.stm32cube.ide.mcu.externaltools.gnu-tools-for-stm32.11.3.rel1.win32_1.1.100.202309141235/tools/bin/../lib/gcc/arm-none-eabi/11.3.1/../../../../arm-none-eabi/lib/thumb/v7-m/nofp\libc_nano.a(libc_a-memcmp.o)
 .debug_frame   0x0000000000002be0       0x20 D:/My IDEAS/STM32CubeIDE/STM32CubeIDE/plugins/com.st.stm32cube.ide.mcu.externaltools.gnu-tools-for-stm32.11.3.rel1.win32_1.1.100.202309141235/tools/bin/../lib/gcc/arm-none-eabi/11.3.1/../../../../arm-none-eabi/lib/thumb/v7-m/nofp\libc_nano.a(libc_a-memset.o)
 .debug_frame   0x0000000000002c00       0x20 D:/My IDEAS/STM32CubeIDE/STM32CubeIDE/plugins/com.st.stm32cube.ide.mcu.externaltools.gnu-tools-for-stm32.11.3.rel1.win32_1.1.100.202309141235/tools/bin/../lib/gcc/arm-none-eabi/11.3.1/../../../../arm-none-eabi/lib/thumb/v7-m/nofp\libc_nano.a(libc_a-errno.o)
 .debug_frame   0x0000000000002c20       0x2c D:/My IDEAS/STM32CubeIDE/STM32CubeIDE/plugins/com.st.stm32cube.ide.mcu.externaltools.gnu-tools-for-stm32.11.3.rel1.win32_1.1.100.202309141235/tools/bin/../lib/gcc/arm-none-eabi/11.3.1/../../../../arm-none-eabi/lib/thumb/v7-m/nofp\libc_nano.a(libc_a-init.o)
 .debug_frame   0x0000000000002c4c       0xac D:/My IDEAS/STM32CubeIDE/STM32CubeIDE/plugins/com.st.stm32cube.ide.mcu.externaltools.gnu-tools-for-stm32.11.3.rel1.win32_1.1.100.202309141235/tools/bin/../lib/gcc/arm-none-eabi/11.3.1/thumb/v7-m/nofp\libgcc.a(_arm_addsubdf3.o)
 .debug_frame   0x0000000000002cf8       0x50 D:/My IDEAS/STM32CubeIDE/STM32CubeIDE/plugins/com.st.stm32cube.ide.mcu.externaltools.gnu-tools-for-stm32.11.3.rel1.win32_1.1.100.202309141235/tools/bin/../lib/gcc/arm-none-eabi/11.3.1/thumb/v7-m/nofp\libgcc.a(_arm_muldivdf3.o)
 .debug_frame   0x0000000000002d48       0xc4 D:/My IDEAS/STM32CubeIDE/STM32CubeIDE/plugins/com.st.stm32cube.ide.mcu.externaltools.gnu-tools-for-stm32.11.3.rel1.win32_1.1.100.202309141235/tools/bin/../lib/gcc/arm-none-eabi/11.3.1/thumb/v7-m/nofp\libgcc.a(_arm_cmpdf2.o)
 .debug_frame   0x0000000000002e0c       0x20 D:/My IDEAS/STM32CubeIDE/STM32CubeIDE/plugins/com.st.stm32cube.ide.mcu.externaltools.gnu-tools-for-stm32.11.3.rel1.win32_1.1.100.202309141235/tools/bin/../lib/gcc/arm-none-eabi/11.3.1/thumb/v7-m/nofp\libgcc.a(_arm_unorddf2.o)
 .debug_frame   0x0000000000002e2c       0x24 D:/My IDEAS/STM32CubeIDE/STM32CubeIDE/plugins/com.st.stm32cube.ide.mcu.externaltools.gnu-tools-for-stm32.11.3.rel1.win32_1.1.100.202309141235/tools/bin/../lib/gcc/arm-none-eabi/11.3.1/thumb/v7-m/nofp\libgcc.a(_arm_truncdfsf2.o)
 .debug_frame   0x0000000000002e50       0x4c D:/My IDEAS/STM32CubeIDE/STM32CubeIDE/plugins/com.st.stm32cube.ide.mcu.externaltools.gnu-tools-for-stm32.11.3.rel1.win32_1.1.100.202309141235/tools/bin/../lib/gcc/arm-none-eabi/11.3.1/thumb/v7-m/nofp\libgcc.a(_arm_addsubsf3.o)
 .debug_frame   0x0000000000002e9c       0x38 D:/My IDEAS/STM32CubeIDE/STM32CubeIDE/plugins/com.st.stm32cube.ide.mcu.externaltools.gnu-tools-for-stm32.11.3.rel1.win32_1.1.100.202309141235/tools/bin/../lib/gcc/arm-none-eabi/11.3.1/thumb/v7-m/nofp\libgcc.a(_arm_muldivsf3.o)
 .debug_frame   0x0000000000002ed4       0x24 D:/My IDEAS/STM32CubeIDE/STM32CubeIDE/plugins/com.st.stm32cube.ide.mcu.externaltools.gnu-tools-for-stm32.11.3.rel1.win32_1.1.100.202309141235/tools/bin/../lib/gcc/arm-none-eabi/11.3.1/thumb/v7-m/nofp\libgcc.a(_arm_fixunssfsi.o)

.debug_line_str
                0x0000000000000000       0x43
 .debug_line_str
                0x0000000000000000       0x43 ./Core/Startup/startup_stm32f103c8tx.o
                                         0x5b (size before relaxing)
