../eMP/inv_mpu_dmp_motion_driver.c:499:5:dmp_load_motion_driver_firmware	8	static
../eMP/inv_mpu_dmp_motion_driver.c:512:5:dmp_set_orientation	40	static
../eMP/inv_mpu_dmp_motion_driver.c:567:5:dmp_set_gyro_bias	80	static
../eMP/inv_mpu_dmp_motion_driver.c:619:5:dmp_set_accel_bias	112	static
../eMP/inv_mpu_dmp_motion_driver.c:671:5:dmp_set_fifo_rate	40	static
../eMP/inv_mpu_dmp_motion_driver.c:697:5:dmp_get_fifo_rate	16	static
../eMP/inv_mpu_dmp_motion_driver.c:709:5:dmp_set_tap_thresh	32	static
../eMP/inv_mpu_dmp_motion_driver.c:775:5:dmp_set_tap_axes	24	static
../eMP/inv_mpu_dmp_motion_driver.c:793:5:dmp_set_tap_count	24	static
../eMP/inv_mpu_dmp_motion_driver.c:811:5:dmp_set_tap_time	24	static
../eMP/inv_mpu_dmp_motion_driver.c:827:5:dmp_set_tap_time_multi	24	static
../eMP/inv_mpu_dmp_motion_driver.c:845:5:dmp_set_shake_reject_thresh	24	static
../eMP/inv_mpu_dmp_motion_driver.c:864:5:dmp_set_shake_reject_time	24	static
../eMP/inv_mpu_dmp_motion_driver.c:882:5:dmp_set_shake_reject_timeout	24	static
../eMP/inv_mpu_dmp_motion_driver.c:897:5:dmp_get_pedometer_step_count	24	static
../eMP/inv_mpu_dmp_motion_driver.c:918:5:dmp_set_pedometer_step_count	24	static
../eMP/inv_mpu_dmp_motion_driver.c:934:5:dmp_get_pedometer_walk_time	24	static
../eMP/inv_mpu_dmp_motion_driver.c:954:5:dmp_set_pedometer_walk_time	24	static
../eMP/inv_mpu_dmp_motion_driver.c:984:5:dmp_enable_feature	32	static
../eMP/inv_mpu_dmp_motion_driver.c:1106:5:dmp_get_enabled_features	16	static
../eMP/inv_mpu_dmp_motion_driver.c:1121:5:dmp_enable_gyro_cal	40	static
../eMP/inv_mpu_dmp_motion_driver.c:1139:5:dmp_enable_lp_quat	24	static
../eMP/inv_mpu_dmp_motion_driver.c:1163:5:dmp_enable_6x_lp_quat	24	static
../eMP/inv_mpu_dmp_motion_driver.c:1184:12:decode_gesture	24	static
../eMP/inv_mpu_dmp_motion_driver.c:1216:5:dmp_set_interrupt_mode	40	static
../eMP/inv_mpu_dmp_motion_driver.c:1255:5:dmp_read_fifo	80	static
../eMP/inv_mpu_dmp_motion_driver.c:1348:5:dmp_register_tap_cb	16	static
../eMP/inv_mpu_dmp_motion_driver.c:1359:5:dmp_register_android_orient_cb	16	static
